Archive member included because of file (symbol)

/usr/local/CrossPack-AVR-20131216/lib/gcc/avr/4.8.1/avr5/libgcc.a(_exit.o)
                              /usr/local/CrossPack-AVR-20131216/lib/gcc/avr/4.8.1/../../../../avr/lib/avr5/crtm328p.o (exit)
/usr/local/CrossPack-AVR-20131216/lib/gcc/avr/4.8.1/avr5/libgcc.a(_tablejump.o)
                              ./i2c/twi/twi.o (__tablejump2__)
/usr/local/CrossPack-AVR-20131216/lib/gcc/avr/4.8.1/avr5/libgcc.a(_copy_data.o)
                              ./pwm/soft_pwm.o (__do_copy_data)
/usr/local/CrossPack-AVR-20131216/lib/gcc/avr/4.8.1/avr5/libgcc.a(_clear_bss.o)
                              ./util/clock.o (__do_clear_bss)
/usr/local/CrossPack-AVR-20131216/lib/gcc/avr/4.8.1/../../../../avr/lib/avr5/libm.a(cmpsf2.o)
                              ./util/log.o (__ltsf2)
/usr/local/CrossPack-AVR-20131216/lib/gcc/avr/4.8.1/../../../../avr/lib/avr5/libm.a(fixunssfsi.o)
                              ./util/log.o (__fixunssfsi)
/usr/local/CrossPack-AVR-20131216/lib/gcc/avr/4.8.1/../../../../avr/lib/avr5/libm.a(fp_cmp.o)
                              /usr/local/CrossPack-AVR-20131216/lib/gcc/avr/4.8.1/../../../../avr/lib/avr5/libm.a(cmpsf2.o) (__fp_cmp)
/usr/local/CrossPack-AVR-20131216/lib/gcc/avr/4.8.1/../../../../avr/lib/avr5/libm.a(fp_split3.o)
                              /usr/local/CrossPack-AVR-20131216/lib/gcc/avr/4.8.1/../../../../avr/lib/avr5/libm.a(fixunssfsi.o) (__fp_splitA)
/usr/local/CrossPack-AVR-20131216/lib/gcc/avr/4.8.1/../../../../avr/lib/avr5/libm.a(fp_zero.o)
                              /usr/local/CrossPack-AVR-20131216/lib/gcc/avr/4.8.1/../../../../avr/lib/avr5/libm.a(fixunssfsi.o) (__fp_zero)
/usr/local/CrossPack-AVR-20131216/lib/gcc/avr/4.8.1/../../../../avr/lib/avr5/libm.a(gesf2.o)
                              ./util/log.o (__gtsf2)
/usr/local/CrossPack-AVR-20131216/lib/gcc/avr/4.8.1/../../../../avr/lib/avr5/libm.a(mulsf3.o)
                              ./util/log.o (__mulsf3)
/usr/local/CrossPack-AVR-20131216/lib/gcc/avr/4.8.1/../../../../avr/lib/avr5/libm.a(mulsf3x.o)
                              /usr/local/CrossPack-AVR-20131216/lib/gcc/avr/4.8.1/../../../../avr/lib/avr5/libm.a(mulsf3.o) (__mulsf3x)
/usr/local/CrossPack-AVR-20131216/lib/gcc/avr/4.8.1/../../../../avr/lib/avr5/libm.a(fp_inf.o)
                              /usr/local/CrossPack-AVR-20131216/lib/gcc/avr/4.8.1/../../../../avr/lib/avr5/libm.a(mulsf3x.o) (__fp_inf)
/usr/local/CrossPack-AVR-20131216/lib/gcc/avr/4.8.1/../../../../avr/lib/avr5/libm.a(fp_nan.o)
                              /usr/local/CrossPack-AVR-20131216/lib/gcc/avr/4.8.1/../../../../avr/lib/avr5/libm.a(mulsf3x.o) (__fp_nan)
/usr/local/CrossPack-AVR-20131216/lib/gcc/avr/4.8.1/../../../../avr/lib/avr5/libm.a(fp_pscA.o)
                              /usr/local/CrossPack-AVR-20131216/lib/gcc/avr/4.8.1/../../../../avr/lib/avr5/libm.a(mulsf3x.o) (__fp_pscA)
/usr/local/CrossPack-AVR-20131216/lib/gcc/avr/4.8.1/../../../../avr/lib/avr5/libm.a(fp_pscB.o)
                              /usr/local/CrossPack-AVR-20131216/lib/gcc/avr/4.8.1/../../../../avr/lib/avr5/libm.a(mulsf3x.o) (__fp_pscB)
/usr/local/CrossPack-AVR-20131216/lib/gcc/avr/4.8.1/../../../../avr/lib/avr5/libm.a(fp_round.o)
                              /usr/local/CrossPack-AVR-20131216/lib/gcc/avr/4.8.1/../../../../avr/lib/avr5/libm.a(mulsf3.o) (__fp_round)
/usr/local/CrossPack-AVR-20131216/lib/gcc/avr/4.8.1/../../../../avr/lib/avr5/libc.a(fdevopen.o)
                              ./util/log.o (fdevopen)
/usr/local/CrossPack-AVR-20131216/lib/gcc/avr/4.8.1/../../../../avr/lib/avr5/libc.a(iob.o)
                              ./util/log.o (__iob)
/usr/local/CrossPack-AVR-20131216/lib/gcc/avr/4.8.1/../../../../avr/lib/avr5/libc.a(vfprintf_p.o)
                              ./util/log.o (vfprintf_P)
/usr/local/CrossPack-AVR-20131216/lib/gcc/avr/4.8.1/../../../../avr/lib/avr5/libc.a(vfprintf_std.o)
                              /usr/local/CrossPack-AVR-20131216/lib/gcc/avr/4.8.1/../../../../avr/lib/avr5/libc.a(vfprintf_p.o) (vfprintf)
/usr/local/CrossPack-AVR-20131216/lib/gcc/avr/4.8.1/../../../../avr/lib/avr5/libc.a(calloc.o)
                              /usr/local/CrossPack-AVR-20131216/lib/gcc/avr/4.8.1/../../../../avr/lib/avr5/libc.a(fdevopen.o) (calloc)
/usr/local/CrossPack-AVR-20131216/lib/gcc/avr/4.8.1/../../../../avr/lib/avr5/libc.a(malloc.o)
                              /usr/local/CrossPack-AVR-20131216/lib/gcc/avr/4.8.1/../../../../avr/lib/avr5/libc.a(calloc.o) (malloc)
/usr/local/CrossPack-AVR-20131216/lib/gcc/avr/4.8.1/../../../../avr/lib/avr5/libc.a(strnlen_P.o)
                              /usr/local/CrossPack-AVR-20131216/lib/gcc/avr/4.8.1/../../../../avr/lib/avr5/libc.a(vfprintf_std.o) (strnlen_P)
/usr/local/CrossPack-AVR-20131216/lib/gcc/avr/4.8.1/../../../../avr/lib/avr5/libc.a(memset.o)
                              /usr/local/CrossPack-AVR-20131216/lib/gcc/avr/4.8.1/../../../../avr/lib/avr5/libc.a(calloc.o) (memset)
/usr/local/CrossPack-AVR-20131216/lib/gcc/avr/4.8.1/../../../../avr/lib/avr5/libc.a(strnlen.o)
                              /usr/local/CrossPack-AVR-20131216/lib/gcc/avr/4.8.1/../../../../avr/lib/avr5/libc.a(vfprintf_std.o) (strnlen)
/usr/local/CrossPack-AVR-20131216/lib/gcc/avr/4.8.1/../../../../avr/lib/avr5/libc.a(fputc.o)
                              /usr/local/CrossPack-AVR-20131216/lib/gcc/avr/4.8.1/../../../../avr/lib/avr5/libc.a(vfprintf_std.o) (fputc)
/usr/local/CrossPack-AVR-20131216/lib/gcc/avr/4.8.1/../../../../avr/lib/avr5/libc.a(ultoa_invert.o)
                              /usr/local/CrossPack-AVR-20131216/lib/gcc/avr/4.8.1/../../../../avr/lib/avr5/libc.a(vfprintf_std.o) (__ultoa_invert)
/usr/local/CrossPack-AVR-20131216/lib/gcc/avr/4.8.1/avr5/libgcc.a(_prologue.o)
                              /usr/local/CrossPack-AVR-20131216/lib/gcc/avr/4.8.1/../../../../avr/lib/avr5/libc.a(vfprintf_std.o) (__prologue_saves__)
/usr/local/CrossPack-AVR-20131216/lib/gcc/avr/4.8.1/avr5/libgcc.a(_epilogue.o)
                              /usr/local/CrossPack-AVR-20131216/lib/gcc/avr/4.8.1/../../../../avr/lib/avr5/libc.a(vfprintf_std.o) (__epilogue_restores__)

Allocating common symbols
Common symbol       size              file

debug_out_cb        0x2               ./util/log.o
gy                  0x2               ./main.o
az                  0x2               ./main.o
my                  0x2               ./main.o
__brkval            0x2               /usr/local/CrossPack-AVR-20131216/lib/gcc/avr/4.8.1/../../../../avr/lib/avr5/libc.a(malloc.o)
ax                  0x2               ./main.o
compbuff            0x4               ./pwm/soft_pwm.o
debug_rx_cb         0x2               ./util/log.o
imu_buffer          0xe               ./imu/imu.o
rxBuffer            0x20              ./i2c/i2c.o
clock_millis        0x4               ./util/clock.o
compare             0x4               ./pwm/soft_pwm.o
txBuffer            0x20              ./i2c/i2c.o
gz                  0x2               ./main.o
mz                  0x2               ./main.o
__flp               0x2               /usr/local/CrossPack-AVR-20131216/lib/gcc/avr/4.8.1/../../../../avr/lib/avr5/libc.a(malloc.o)
gx                  0x2               ./main.o
ay                  0x2               ./main.o
__iob               0x6               /usr/local/CrossPack-AVR-20131216/lib/gcc/avr/4.8.1/../../../../avr/lib/avr5/libc.a(iob.o)
mx                  0x2               ./main.o

Memory Configuration

Name             Origin             Length             Attributes
text             0x00000000         0x00020000         xr
data             0x00800060         0x0000ffa0         rw !x
eeprom           0x00810000         0x00010000         rw !x
fuse             0x00820000         0x00000400         rw !x
lock             0x00830000         0x00000400         rw !x
signature        0x00840000         0x00000400         rw !x
user_signatures  0x00850000         0x00000400         rw !x
*default*        0x00000000         0xffffffff

Linker script and memory map

Address of section .data set to 0x800100
LOAD /usr/local/CrossPack-AVR-20131216/lib/gcc/avr/4.8.1/../../../../avr/lib/avr5/crtm328p.o
LOAD ./util/clock.o
LOAD ./util/log.o
LOAD ./pwm/soft_pwm.o
LOAD ./imu/imu.o
LOAD ./imu/mpu6050.o
LOAD ./i2c/twi/twi.o
LOAD ./i2c/i2c.o
LOAD ./i2c/i2c_driver.o
LOAD ./main.o
START GROUP
LOAD /usr/local/CrossPack-AVR-20131216/lib/gcc/avr/4.8.1/avr5/libgcc.a
LOAD /usr/local/CrossPack-AVR-20131216/lib/gcc/avr/4.8.1/../../../../avr/lib/avr5/libm.a
LOAD /usr/local/CrossPack-AVR-20131216/lib/gcc/avr/4.8.1/../../../../avr/lib/avr5/libc.a
END GROUP

.hash
 *(.hash)

.dynsym
 *(.dynsym)

.dynstr
 *(.dynstr)

.gnu.version
 *(.gnu.version)

.gnu.version_d
 *(.gnu.version_d)

.gnu.version_r
 *(.gnu.version_r)

.rel.init
 *(.rel.init)

.rela.init
 *(.rela.init)

.rel.text
 *(.rel.text)
 *(.rel.text.*)
 *(.rel.gnu.linkonce.t*)

.rela.text
 *(.rela.text)
 *(.rela.text.*)
 *(.rela.gnu.linkonce.t*)

.rel.fini
 *(.rel.fini)

.rela.fini
 *(.rela.fini)

.rel.rodata
 *(.rel.rodata)
 *(.rel.rodata.*)
 *(.rel.gnu.linkonce.r*)

.rela.rodata
 *(.rela.rodata)
 *(.rela.rodata.*)
 *(.rela.gnu.linkonce.r*)

.rel.data
 *(.rel.data)
 *(.rel.data.*)
 *(.rel.gnu.linkonce.d*)

.rela.data
 *(.rela.data)
 *(.rela.data.*)
 *(.rela.gnu.linkonce.d*)

.rel.ctors
 *(.rel.ctors)

.rela.ctors
 *(.rela.ctors)

.rel.dtors
 *(.rel.dtors)

.rela.dtors
 *(.rela.dtors)

.rel.got
 *(.rel.got)

.rela.got
 *(.rela.got)

.rel.bss
 *(.rel.bss)

.rela.bss
 *(.rela.bss)

.rel.plt
 *(.rel.plt)

.rela.plt
 *(.rela.plt)

.text           0x00000000     0x38cc
 *(.vectors)
 .vectors       0x00000000       0x68 /usr/local/CrossPack-AVR-20131216/lib/gcc/avr/4.8.1/../../../../avr/lib/avr5/crtm328p.o
                0x00000000                __vectors
                0x00000000                __vector_default
 *(.vectors)
 *(.progmem.gcc*)
 .progmem.gcc_sw_table.__vector_24
                0x00000068      0x1f2 ./i2c/twi/twi.o
                0x0000025a                . = ALIGN (0x2)
                0x0000025a                __trampolines_start = .
 *(.trampolines)
 .trampolines   0x0000025a        0x0 linker stubs
 *(.trampolines*)
                0x0000025a                __trampolines_end = .
 *(.progmem*)
 .progmem.data._tag
                0x0000025a        0x8 ./util/log.o
 .progmem.data.DEBUG_hex
                0x00000262       0x11 ./util/log.o
                0x00000262                DEBUG_hex
 .progmem.data.__c.2284
                0x00000273        0xe ./util/log.o
 .progmem.data._tag
                0x00000281        0xa ./imu/mpu6050.o
 .progmem.data.__c.1933
                0x0000028b       0x1c ./imu/mpu6050.o
 .progmem.data.__c.1935
                0x000002a7       0x1b ./imu/mpu6050.o
 .progmem.data.__c.1941
                0x000002c2       0x25 ./imu/mpu6050.o
 .progmem.data.__c.1943
                0x000002e7       0x24 ./imu/mpu6050.o
 .progmem.data.__c.1949
                0x0000030b       0x26 ./imu/mpu6050.o
 .progmem.data.__c.1951
                0x00000331       0x25 ./imu/mpu6050.o
 .progmem.data.__c.1957
                0x00000356       0x1d ./imu/mpu6050.o
 .progmem.data.__c.1959
                0x00000373       0x1c ./imu/mpu6050.o
 .progmem.data.__c.1963
                0x0000038f       0x14 ./imu/mpu6050.o
 .progmem.data._tag
                0x000003a3        0xd ./i2c/i2c_driver.o
 .progmem.data.__c.1925
                0x000003b0        0x8 ./i2c/i2c_driver.o
 .progmem.data.__c.1927
                0x000003b8        0xb ./i2c/i2c_driver.o
 .progmem.data.__c.1929
                0x000003c3        0x3 ./i2c/i2c_driver.o
 .progmem.data.__c.1931
                0x000003c6       0x11 ./i2c/i2c_driver.o
 .progmem.data.__c.1933
                0x000003d7        0x4 ./i2c/i2c_driver.o
 .progmem.data.__c.1938
                0x000003db        0x2 ./i2c/i2c_driver.o
 .progmem.data.__c.1940
                0x000003dd       0x27 ./i2c/i2c_driver.o
 .progmem.data.__c.1948
                0x00000404        0x9 ./i2c/i2c_driver.o
 .progmem.data.__c.1950
                0x0000040d        0x3 ./i2c/i2c_driver.o
 .progmem.data.__c.1952
                0x00000410        0x9 ./i2c/i2c_driver.o
 .progmem.data.__c.1965
                0x00000419        0x8 ./i2c/i2c_driver.o
 .progmem.data.__c.1967
                0x00000421        0xc ./i2c/i2c_driver.o
 .progmem.data.__c.1969
                0x0000042d        0x3 ./i2c/i2c_driver.o
 .progmem.data.__c.1971
                0x00000430        0xf ./i2c/i2c_driver.o
 .progmem.data.__c.1973
                0x0000043f        0x4 ./i2c/i2c_driver.o
 .progmem.data.__c.1977
                0x00000443        0x2 ./i2c/i2c_driver.o
 .progmem.data.__c.1982
                0x00000445        0xc ./i2c/i2c_driver.o
 .progmem.data.__c.1984
                0x00000451        0x9 ./i2c/i2c_driver.o
 .progmem.data._tag
                0x0000045a        0x7 ./main.o
 .progmem.data.__c.2032
                0x00000461        0xb ./main.o
 .progmem.data.__c.2045
                0x0000046c       0x1e ./main.o
 .progmem.data.__c.2047
                0x0000048a        0xb ./main.o
 .progmem.data.__c.2049
                0x00000495        0xb ./main.o
 .progmem.data.__c.2051
                0x000004a0       0x13 ./main.o
 .progmem.data.__c.2056
                0x000004b3        0x8 ./main.o
 .progmem.data.__c.2058
                0x000004bb        0x4 ./main.o
 .progmem.data.__c.2060
                0x000004bf        0x4 ./main.o
 .progmem.data.__c.2062
                0x000004c3        0x4 ./main.o
 .progmem.data.__c.2064
                0x000004c7        0x4 ./main.o
 .progmem.data.__c.2066
                0x000004cb        0x4 ./main.o
 .progmem.data.__c.2068
                0x000004cf        0x4 ./main.o
 .progmem.data.__c.2070
                0x000004d3        0x4 ./main.o
 .progmem.data.__c.2072
                0x000004d7        0x4 ./main.o
 .progmem.data.__c.2074
                0x000004db        0x4 ./main.o
 .progmem.data.__c.2076
                0x000004df        0x3 ./main.o
                0x000004e2                . = ALIGN (0x2)
 *(.jumptables)
 *(.jumptables*)
 *(.lowtext)
 *(.lowtext*)
                0x000004e2                __ctors_start = .
 *(.ctors)
                0x000004e2                __ctors_end = .
                0x000004e2                __dtors_start = .
 *(.dtors)
                0x000004e2                __dtors_end = .
 SORT(*)(.ctors)
 SORT(*)(.dtors)
 *(.init0)
 .init0         0x000004e2        0x0 /usr/local/CrossPack-AVR-20131216/lib/gcc/avr/4.8.1/../../../../avr/lib/avr5/crtm328p.o
                0x000004e2                __init
 *(.init0)
 *(.init1)
 *(.init1)
 *(.init2)
 .init2         0x000004e2        0xc /usr/local/CrossPack-AVR-20131216/lib/gcc/avr/4.8.1/../../../../avr/lib/avr5/crtm328p.o
 *(.init2)
 *(.init3)
 *(.init3)
 *(.init4)
 .init4         0x000004ee       0x16 /usr/local/CrossPack-AVR-20131216/lib/gcc/avr/4.8.1/avr5/libgcc.a(_copy_data.o)
                0x000004ee                __do_copy_data
 .init4         0x00000504       0x10 /usr/local/CrossPack-AVR-20131216/lib/gcc/avr/4.8.1/avr5/libgcc.a(_clear_bss.o)
                0x00000504                __do_clear_bss
 *(.init4)
 *(.init5)
 *(.init5)
 *(.init6)
 *(.init6)
 *(.init7)
 *(.init7)
 *(.init8)
 *(.init8)
 *(.init9)
 .init9         0x00000514        0x8 /usr/local/CrossPack-AVR-20131216/lib/gcc/avr/4.8.1/../../../../avr/lib/avr5/crtm328p.o
 *(.init9)
 *(.text)
 .text          0x0000051c        0x4 /usr/local/CrossPack-AVR-20131216/lib/gcc/avr/4.8.1/../../../../avr/lib/avr5/crtm328p.o
                0x0000051c                __vector_20
                0x0000051c                __vector_1
                0x0000051c                __vector_12
                0x0000051c                __bad_interrupt
                0x0000051c                __vector_6
                0x0000051c                __vector_3
                0x0000051c                __vector_23
                0x0000051c                __vector_25
                0x0000051c                __vector_11
                0x0000051c                __vector_13
                0x0000051c                __vector_17
                0x0000051c                __vector_19
                0x0000051c                __vector_7
                0x0000051c                __vector_5
                0x0000051c                __vector_4
                0x0000051c                __vector_9
                0x0000051c                __vector_2
                0x0000051c                __vector_21
                0x0000051c                __vector_15
                0x0000051c                __vector_8
                0x0000051c                __vector_10
                0x0000051c                __vector_16
                0x0000051c                __vector_22
 .text          0x00000520        0x0 ./util/clock.o
 .text          0x00000520        0x0 ./util/log.o
 .text          0x00000520        0x0 ./pwm/soft_pwm.o
 .text          0x00000520        0x0 ./imu/imu.o
 .text          0x00000520        0x0 ./imu/mpu6050.o
 .text          0x00000520        0x0 ./i2c/twi/twi.o
 .text          0x00000520        0x0 ./i2c/i2c.o
 .text          0x00000520        0x0 ./i2c/i2c_driver.o
 .text          0x00000520        0x0 ./main.o
 .text          0x00000520        0x0 /usr/local/CrossPack-AVR-20131216/lib/gcc/avr/4.8.1/avr5/libgcc.a(_exit.o)
 .text          0x00000520        0x0 /usr/local/CrossPack-AVR-20131216/lib/gcc/avr/4.8.1/avr5/libgcc.a(_tablejump.o)
 .text          0x00000520        0x0 /usr/local/CrossPack-AVR-20131216/lib/gcc/avr/4.8.1/avr5/libgcc.a(_copy_data.o)
 .text          0x00000520        0x0 /usr/local/CrossPack-AVR-20131216/lib/gcc/avr/4.8.1/avr5/libgcc.a(_clear_bss.o)
 .text          0x00000520        0x0 /usr/local/CrossPack-AVR-20131216/lib/gcc/avr/4.8.1/../../../../avr/lib/avr5/libm.a(cmpsf2.o)
 .text          0x00000520        0x0 /usr/local/CrossPack-AVR-20131216/lib/gcc/avr/4.8.1/../../../../avr/lib/avr5/libm.a(fixunssfsi.o)
 .text          0x00000520        0x0 /usr/local/CrossPack-AVR-20131216/lib/gcc/avr/4.8.1/../../../../avr/lib/avr5/libm.a(fp_cmp.o)
 .text          0x00000520        0x0 /usr/local/CrossPack-AVR-20131216/lib/gcc/avr/4.8.1/../../../../avr/lib/avr5/libm.a(fp_split3.o)
 .text          0x00000520        0x0 /usr/local/CrossPack-AVR-20131216/lib/gcc/avr/4.8.1/../../../../avr/lib/avr5/libm.a(fp_zero.o)
 .text          0x00000520        0x0 /usr/local/CrossPack-AVR-20131216/lib/gcc/avr/4.8.1/../../../../avr/lib/avr5/libm.a(gesf2.o)
 .text          0x00000520        0x0 /usr/local/CrossPack-AVR-20131216/lib/gcc/avr/4.8.1/../../../../avr/lib/avr5/libm.a(mulsf3.o)
 .text          0x00000520        0x0 /usr/local/CrossPack-AVR-20131216/lib/gcc/avr/4.8.1/../../../../avr/lib/avr5/libm.a(mulsf3x.o)
 .text          0x00000520        0x0 /usr/local/CrossPack-AVR-20131216/lib/gcc/avr/4.8.1/../../../../avr/lib/avr5/libm.a(fp_inf.o)
 .text          0x00000520        0x0 /usr/local/CrossPack-AVR-20131216/lib/gcc/avr/4.8.1/../../../../avr/lib/avr5/libm.a(fp_nan.o)
 .text          0x00000520        0x0 /usr/local/CrossPack-AVR-20131216/lib/gcc/avr/4.8.1/../../../../avr/lib/avr5/libm.a(fp_pscA.o)
 .text          0x00000520        0x0 /usr/local/CrossPack-AVR-20131216/lib/gcc/avr/4.8.1/../../../../avr/lib/avr5/libm.a(fp_pscB.o)
 .text          0x00000520        0x0 /usr/local/CrossPack-AVR-20131216/lib/gcc/avr/4.8.1/../../../../avr/lib/avr5/libm.a(fp_round.o)
 .text          0x00000520        0x0 /usr/local/CrossPack-AVR-20131216/lib/gcc/avr/4.8.1/../../../../avr/lib/avr5/libc.a(fdevopen.o)
 .text          0x00000520        0x0 /usr/local/CrossPack-AVR-20131216/lib/gcc/avr/4.8.1/../../../../avr/lib/avr5/libc.a(iob.o)
 .text          0x00000520        0x0 /usr/local/CrossPack-AVR-20131216/lib/gcc/avr/4.8.1/../../../../avr/lib/avr5/libc.a(vfprintf_p.o)
 .text          0x00000520        0x0 /usr/local/CrossPack-AVR-20131216/lib/gcc/avr/4.8.1/../../../../avr/lib/avr5/libc.a(vfprintf_std.o)
 .text          0x00000520        0x0 /usr/local/CrossPack-AVR-20131216/lib/gcc/avr/4.8.1/../../../../avr/lib/avr5/libc.a(calloc.o)
 .text          0x00000520        0x0 /usr/local/CrossPack-AVR-20131216/lib/gcc/avr/4.8.1/../../../../avr/lib/avr5/libc.a(malloc.o)
 .text          0x00000520        0x0 /usr/local/CrossPack-AVR-20131216/lib/gcc/avr/4.8.1/../../../../avr/lib/avr5/libc.a(strnlen_P.o)
 .text          0x00000520        0x0 /usr/local/CrossPack-AVR-20131216/lib/gcc/avr/4.8.1/../../../../avr/lib/avr5/libc.a(memset.o)
 .text          0x00000520        0x0 /usr/local/CrossPack-AVR-20131216/lib/gcc/avr/4.8.1/../../../../avr/lib/avr5/libc.a(strnlen.o)
 .text          0x00000520        0x0 /usr/local/CrossPack-AVR-20131216/lib/gcc/avr/4.8.1/../../../../avr/lib/avr5/libc.a(fputc.o)
 .text          0x00000520        0x0 /usr/local/CrossPack-AVR-20131216/lib/gcc/avr/4.8.1/../../../../avr/lib/avr5/libc.a(ultoa_invert.o)
 .text          0x00000520        0x0 /usr/local/CrossPack-AVR-20131216/lib/gcc/avr/4.8.1/avr5/libgcc.a(_prologue.o)
 .text          0x00000520        0x0 /usr/local/CrossPack-AVR-20131216/lib/gcc/avr/4.8.1/avr5/libgcc.a(_epilogue.o)
                0x00000520                . = ALIGN (0x2)
 *(.text.*)
 .text.clock_init
                0x00000520       0x46 ./util/clock.o
                0x00000520                clock_init
 .text.clock_time
                0x00000566       0x22 ./util/clock.o
                0x00000566                clock_time
 .text.delay_millis
                0x00000588       0x6c ./util/clock.o
                0x00000588                delay_millis
 .text.__vector_14
                0x000005f4       0x5a ./util/clock.o
                0x000005f4                __vector_14
 .text.isr_tick
                0x0000064e       0x34 ./util/clock.o
                0x0000064e                isr_tick
 .text._debug_init
                0x00000682       0x88 ./util/log.o
                0x00000682                _debug_init
 .text.__vector_18
                0x0000070a       0x7c ./util/log.o
                0x0000070a                __vector_18
 .text._debug_set_rx_cb
                0x00000786       0x24 ./util/log.o
                0x00000786                _debug_set_rx_cb
 .text._debug_set_out_cb
                0x000007aa       0x24 ./util/log.o
                0x000007aa                _debug_set_out_cb
 .text._debug_putch
                0x000007ce       0x42 ./util/log.o
                0x000007ce                _debug_putch
 .text._debug_stringz
                0x00000810       0x62 ./util/log.o
                0x00000810                _debug_stringz
 .text._debug_byte
                0x00000872       0x34 ./util/log.o
                0x00000872                _debug_byte
 .text._debug_byte_as_hex
                0x000008a6       0xa8 ./util/log.o
                0x000008a6                _debug_byte_as_hex
 .text._debug_hex_dump
                0x0000094e       0x5a ./util/log.o
                0x0000094e                _debug_hex_dump
 .text._debug_log
                0x000009a8       0x32 ./util/log.o
                0x000009a8                _debug_log
 .text.debug_test
                0x000009da      0x32a ./util/log.o
                0x000009da                debug_test
 .text.soft_pwm_init
                0x00000d04       0x78 ./pwm/soft_pwm.o
                0x00000d04                soft_pwm_init
 .text.soft_pwm_tick
                0x00000d7c        0xe ./pwm/soft_pwm.o
                0x00000d7c                soft_pwm_tick
 .text.soft_pwm_setval
                0x00000d8a       0x18 ./pwm/soft_pwm.o
                0x00000d8a                soft_pwm_setval
 .text.imu_init
                0x00000da2       0x12 ./imu/imu.o
                0x00000da2                imu_init
 .text.imu_test
                0x00000db4       0x12 ./imu/imu.o
                0x00000db4                imu_test
 .text.imu_read6
                0x00000dc6       0x6e ./imu/imu.o
                0x00000dc6                imu_read6
 .text.imu_read9
                0x00000e34       0xa4 ./imu/imu.o
                0x00000e34                imu_read9
 .text.imu_get_rotation
                0x00000ed8       0x3e ./imu/imu.o
                0x00000ed8                imu_get_rotation
 .text.imu_get_acceleration
                0x00000f16       0x3e ./imu/imu.o
                0x00000f16                imu_get_acceleration
 .text.mpu6050_init
                0x00000f54       0x26 ./imu/mpu6050.o
                0x00000f54                mpu6050_init
 .text.mpu6050_test
                0x00000f7a       0x1c ./imu/mpu6050.o
                0x00000f7a                mpu6050_test
 .text.mpu6050_set_clock_source
                0x00000f96       0x7c ./imu/mpu6050.o
                0x00000f96                mpu6050_set_clock_source
 .text.mpu6050_set_full_scale_gyro_range
                0x00001012       0x7c ./imu/mpu6050.o
                0x00001012                mpu6050_set_full_scale_gyro_range
 .text.mpu6050_set_full_scale_accel_range
                0x0000108e       0x7c ./imu/mpu6050.o
                0x0000108e                mpu6050_set_full_scale_accel_range
 .text.mpu6050_set_sleep_enabled
                0x0000110a       0x78 ./imu/mpu6050.o
                0x0000110a                mpu6050_set_sleep_enabled
 .text.mpu6050_get_device_id
                0x00001182       0x76 ./imu/mpu6050.o
                0x00001182                mpu6050_get_device_id
 .text.mpu6050_getmotion6
                0x000011f8      0x12e ./imu/mpu6050.o
                0x000011f8                mpu6050_getmotion6
 .text.mpu6050_getmotion9
                0x00001326      0x2e8 ./imu/mpu6050.o
                0x00001326                mpu6050_getmotion9
 .text.mpu6050_set_dlpf_mode
                0x0000160e       0x28 ./imu/mpu6050.o
                0x0000160e                mpu6050_set_dlpf_mode
 .text.mpu6050_get_rotation
                0x00001636       0xae ./imu/mpu6050.o
                0x00001636                mpu6050_get_rotation
 .text.mpu6050_get_acceleration
                0x000016e4       0xae ./imu/mpu6050.o
                0x000016e4                mpu6050_get_acceleration
 .text.twi_init
                0x00001792       0x54 ./i2c/twi/twi.o
                0x00001792                twi_init
 .text.twi_setAddress
                0x000017e6       0x20 ./i2c/twi/twi.o
                0x000017e6                twi_setAddress
 .text.twi_readFrom
                0x00001806       0xf8 ./i2c/twi/twi.o
                0x00001806                twi_readFrom
 .text.twi_writeTo
                0x000018fe      0x11a ./i2c/twi/twi.o
                0x000018fe                twi_writeTo
 .text.twi_transmit
                0x00001a18       0x70 ./i2c/twi/twi.o
                0x00001a18                twi_transmit
 .text.twi_attachSlaveRxEvent
                0x00001a88       0x24 ./i2c/twi/twi.o
                0x00001a88                twi_attachSlaveRxEvent
 .text.twi_attachSlaveTxEvent
                0x00001aac       0x24 ./i2c/twi/twi.o
                0x00001aac                twi_attachSlaveTxEvent
 .text.twi_reply
                0x00001ad0       0x30 ./i2c/twi/twi.o
                0x00001ad0                twi_reply
 .text.twi_stop
                0x00001b00       0x34 ./i2c/twi/twi.o
                0x00001b00                twi_stop
 .text.twi_releaseBus
                0x00001b34       0x1c ./i2c/twi/twi.o
                0x00001b34                twi_releaseBus
 .text.__vector_24
                0x00001b50      0x2b2 ./i2c/twi/twi.o
                0x00001b50                __vector_24
 .text.i2c_begin
                0x00001e02       0x22 ./i2c/i2c.o
                0x00001e02                i2c_begin
 .text.i2c_begin_address
                0x00001e24       0x1e ./i2c/i2c.o
                0x00001e24                i2c_begin_address
 .text.i2c_begin_transmission
                0x00001e42       0x28 ./i2c/i2c.o
                0x00001e42                i2c_begin_transmission
 .text.i2c_request_from
                0x00001e6a       0x46 ./i2c/i2c.o
                0x00001e6a                i2c_request_from
 .text.i2c_end_transmission
                0x00001eb0       0x40 ./i2c/i2c.o
                0x00001eb0                i2c_end_transmission
 .text.i2c_write_byte
                0x00001ef0       0x5e ./i2c/i2c.o
                0x00001ef0                i2c_write_byte
 .text.i2c_write
                0x00001f4e       0x74 ./i2c/i2c.o
                0x00001f4e                i2c_write
 .text.i2c_available
                0x00001fc2       0x1c ./i2c/i2c.o
                0x00001fc2                i2c_available
 .text.i2c_read
                0x00001fde       0x40 ./i2c/i2c.o
                0x00001fde                i2c_read
 .text.i2c_peek
                0x0000201e       0x36 ./i2c/i2c.o
                0x0000201e                i2c_peek
 .text.readByte
                0x00002054       0x4a ./i2c/i2c_driver.o
                0x00002054                readByte
 .text.readBytes
                0x0000209e      0x2e4 ./i2c/i2c_driver.o
                0x0000209e                readBytes
 .text.writeByte
                0x00002382       0x2e ./i2c/i2c_driver.o
                0x00002382                writeByte
 .text.writeBytes
                0x000023b0      0x1fe ./i2c/i2c_driver.o
                0x000023b0                writeBytes
 .text.writeBit
                0x000025ae       0x8c ./i2c/i2c_driver.o
                0x000025ae                writeBit
 .text.writeBits
                0x0000263a       0xe0 ./i2c/i2c_driver.o
                0x0000263a                writeBits
 .text.readBit  0x0000271a       0x76 ./i2c/i2c_driver.o
                0x0000271a                readBit
 .text.readBits
                0x00002790       0xd8 ./i2c/i2c_driver.o
                0x00002790                readBits
 .text.terminal_in_cb
                0x00002868       0x4e ./main.o
                0x00002868                terminal_in_cb
 .text.main     0x000028b6      0x1a0 ./main.o
                0x000028b6                main
 .text.read_imu
                0x00002a56      0x3a8 ./main.o
                0x00002a56                read_imu
 .text.libgcc.mul
                0x00002dfe        0x0 /usr/local/CrossPack-AVR-20131216/lib/gcc/avr/4.8.1/avr5/libgcc.a(_exit.o)
 .text.libgcc.div
                0x00002dfe        0x0 /usr/local/CrossPack-AVR-20131216/lib/gcc/avr/4.8.1/avr5/libgcc.a(_exit.o)
 .text.libgcc   0x00002dfe        0x0 /usr/local/CrossPack-AVR-20131216/lib/gcc/avr/4.8.1/avr5/libgcc.a(_exit.o)
 .text.libgcc.prologue
                0x00002dfe        0x0 /usr/local/CrossPack-AVR-20131216/lib/gcc/avr/4.8.1/avr5/libgcc.a(_exit.o)
 .text.libgcc.builtins
                0x00002dfe        0x0 /usr/local/CrossPack-AVR-20131216/lib/gcc/avr/4.8.1/avr5/libgcc.a(_exit.o)
 .text.libgcc.fmul
                0x00002dfe        0x0 /usr/local/CrossPack-AVR-20131216/lib/gcc/avr/4.8.1/avr5/libgcc.a(_exit.o)
 .text.libgcc.fixed
                0x00002dfe        0x0 /usr/local/CrossPack-AVR-20131216/lib/gcc/avr/4.8.1/avr5/libgcc.a(_exit.o)
 .text.libgcc.mul
                0x00002dfe        0x0 /usr/local/CrossPack-AVR-20131216/lib/gcc/avr/4.8.1/avr5/libgcc.a(_tablejump.o)
 .text.libgcc.div
                0x00002dfe        0x0 /usr/local/CrossPack-AVR-20131216/lib/gcc/avr/4.8.1/avr5/libgcc.a(_tablejump.o)
 .text.libgcc   0x00002dfe        0xc /usr/local/CrossPack-AVR-20131216/lib/gcc/avr/4.8.1/avr5/libgcc.a(_tablejump.o)
                0x00002dfe                __tablejump2__
                0x00002e02                __tablejump__
 .text.libgcc.prologue
                0x00002e0a        0x0 /usr/local/CrossPack-AVR-20131216/lib/gcc/avr/4.8.1/avr5/libgcc.a(_tablejump.o)
 .text.libgcc.builtins
                0x00002e0a        0x0 /usr/local/CrossPack-AVR-20131216/lib/gcc/avr/4.8.1/avr5/libgcc.a(_tablejump.o)
 .text.libgcc.fmul
                0x00002e0a        0x0 /usr/local/CrossPack-AVR-20131216/lib/gcc/avr/4.8.1/avr5/libgcc.a(_tablejump.o)
 .text.libgcc.fixed
                0x00002e0a        0x0 /usr/local/CrossPack-AVR-20131216/lib/gcc/avr/4.8.1/avr5/libgcc.a(_tablejump.o)
 .text.libgcc.mul
                0x00002e0a        0x0 /usr/local/CrossPack-AVR-20131216/lib/gcc/avr/4.8.1/avr5/libgcc.a(_copy_data.o)
 .text.libgcc.div
                0x00002e0a        0x0 /usr/local/CrossPack-AVR-20131216/lib/gcc/avr/4.8.1/avr5/libgcc.a(_copy_data.o)
 .text.libgcc   0x00002e0a        0x0 /usr/local/CrossPack-AVR-20131216/lib/gcc/avr/4.8.1/avr5/libgcc.a(_copy_data.o)
 .text.libgcc.prologue
                0x00002e0a        0x0 /usr/local/CrossPack-AVR-20131216/lib/gcc/avr/4.8.1/avr5/libgcc.a(_copy_data.o)
 .text.libgcc.builtins
                0x00002e0a        0x0 /usr/local/CrossPack-AVR-20131216/lib/gcc/avr/4.8.1/avr5/libgcc.a(_copy_data.o)
 .text.libgcc.fmul
                0x00002e0a        0x0 /usr/local/CrossPack-AVR-20131216/lib/gcc/avr/4.8.1/avr5/libgcc.a(_copy_data.o)
 .text.libgcc.fixed
                0x00002e0a        0x0 /usr/local/CrossPack-AVR-20131216/lib/gcc/avr/4.8.1/avr5/libgcc.a(_copy_data.o)
 .text.libgcc.mul
                0x00002e0a        0x0 /usr/local/CrossPack-AVR-20131216/lib/gcc/avr/4.8.1/avr5/libgcc.a(_clear_bss.o)
 .text.libgcc.div
                0x00002e0a        0x0 /usr/local/CrossPack-AVR-20131216/lib/gcc/avr/4.8.1/avr5/libgcc.a(_clear_bss.o)
 .text.libgcc   0x00002e0a        0x0 /usr/local/CrossPack-AVR-20131216/lib/gcc/avr/4.8.1/avr5/libgcc.a(_clear_bss.o)
 .text.libgcc.prologue
                0x00002e0a        0x0 /usr/local/CrossPack-AVR-20131216/lib/gcc/avr/4.8.1/avr5/libgcc.a(_clear_bss.o)
 .text.libgcc.builtins
                0x00002e0a        0x0 /usr/local/CrossPack-AVR-20131216/lib/gcc/avr/4.8.1/avr5/libgcc.a(_clear_bss.o)
 .text.libgcc.fmul
                0x00002e0a        0x0 /usr/local/CrossPack-AVR-20131216/lib/gcc/avr/4.8.1/avr5/libgcc.a(_clear_bss.o)
 .text.libgcc.fixed
                0x00002e0a        0x0 /usr/local/CrossPack-AVR-20131216/lib/gcc/avr/4.8.1/avr5/libgcc.a(_clear_bss.o)
 .text.avr-libc.fplib
                0x00002e0a        0x8 /usr/local/CrossPack-AVR-20131216/lib/gcc/avr/4.8.1/../../../../avr/lib/avr5/libm.a(cmpsf2.o)
                0x00002e0a                __lesf2
                0x00002e0a                __nesf2
                0x00002e0a                __eqsf2
                0x00002e0a                __cmpsf2
                0x00002e0a                __ltsf2
 .text.avr-libc.fplib
                0x00002e12       0x58 /usr/local/CrossPack-AVR-20131216/lib/gcc/avr/4.8.1/../../../../avr/lib/avr5/libm.a(fixunssfsi.o)
                0x00002e12                __fixunssfsi
 .text.avr-libc.fplib
                0x00002e6a       0x48 /usr/local/CrossPack-AVR-20131216/lib/gcc/avr/4.8.1/../../../../avr/lib/avr5/libm.a(fp_cmp.o)
                0x00002e6a                __fp_cmp
 .text.avr-libc.fplib
                0x00002eb2       0x44 /usr/local/CrossPack-AVR-20131216/lib/gcc/avr/4.8.1/../../../../avr/lib/avr5/libm.a(fp_split3.o)
                0x00002eb2                __fp_split3
                0x00002ec2                __fp_splitA
 .text.avr-libc.fplib
                0x00002ef6        0xe /usr/local/CrossPack-AVR-20131216/lib/gcc/avr/4.8.1/../../../../avr/lib/avr5/libm.a(fp_zero.o)
                0x00002ef6                __fp_zero
                0x00002ef8                __fp_szero
 .text.avr-libc.fplib
                0x00002f04        0x8 /usr/local/CrossPack-AVR-20131216/lib/gcc/avr/4.8.1/../../../../avr/lib/avr5/libm.a(gesf2.o)
                0x00002f04                __gtsf2
                0x00002f04                __gesf2
 .text.avr-libc.fplib
                0x00002f0c        0x4 /usr/local/CrossPack-AVR-20131216/lib/gcc/avr/4.8.1/../../../../avr/lib/avr5/libm.a(mulsf3.o)
                0x00002f0c                __mulsf3
 .text.avr-libc.fplib
                0x00002f10       0xc2 /usr/local/CrossPack-AVR-20131216/lib/gcc/avr/4.8.1/../../../../avr/lib/avr5/libm.a(mulsf3x.o)
                0x00002f24                __mulsf3x
                0x00002f28                __mulsf3_pse
 .text.avr-libc.fplib
                0x00002fd2        0xc /usr/local/CrossPack-AVR-20131216/lib/gcc/avr/4.8.1/../../../../avr/lib/avr5/libm.a(fp_inf.o)
                0x00002fd2                __fp_inf
 .text.avr-libc.fplib
                0x00002fde        0x6 /usr/local/CrossPack-AVR-20131216/lib/gcc/avr/4.8.1/../../../../avr/lib/avr5/libm.a(fp_nan.o)
                0x00002fde                __fp_nan
 .text.avr-libc.fplib
                0x00002fe4        0xe /usr/local/CrossPack-AVR-20131216/lib/gcc/avr/4.8.1/../../../../avr/lib/avr5/libm.a(fp_pscA.o)
                0x00002fe4                __fp_pscA
 .text.avr-libc.fplib
                0x00002ff2        0xe /usr/local/CrossPack-AVR-20131216/lib/gcc/avr/4.8.1/../../../../avr/lib/avr5/libm.a(fp_pscB.o)
                0x00002ff2                __fp_pscB
 .text.avr-libc.fplib
                0x00003000       0x22 /usr/local/CrossPack-AVR-20131216/lib/gcc/avr/4.8.1/../../../../avr/lib/avr5/libm.a(fp_round.o)
                0x00003000                __fp_round
 .text.avr-libc
                0x00003022       0x96 /usr/local/CrossPack-AVR-20131216/lib/gcc/avr/4.8.1/../../../../avr/lib/avr5/libc.a(fdevopen.o)
                0x00003022                fdevopen
 .text.avr-libc
                0x000030b8       0x1e /usr/local/CrossPack-AVR-20131216/lib/gcc/avr/4.8.1/../../../../avr/lib/avr5/libc.a(vfprintf_p.o)
                0x000030b8                vfprintf_P
 .text.avr-libc
                0x000030d6      0x3a4 /usr/local/CrossPack-AVR-20131216/lib/gcc/avr/4.8.1/../../../../avr/lib/avr5/libc.a(vfprintf_std.o)
                0x000030d6                vfprintf
 .text.avr-libc
                0x0000347a       0x38 /usr/local/CrossPack-AVR-20131216/lib/gcc/avr/4.8.1/../../../../avr/lib/avr5/libc.a(calloc.o)
                0x0000347a                calloc
 .text.avr-libc
                0x000034b2      0x24e /usr/local/CrossPack-AVR-20131216/lib/gcc/avr/4.8.1/../../../../avr/lib/avr5/libc.a(malloc.o)
                0x000034b2                malloc
                0x000035e2                free
 .text.avr-libc
                0x00003700       0x16 /usr/local/CrossPack-AVR-20131216/lib/gcc/avr/4.8.1/../../../../avr/lib/avr5/libc.a(strnlen_P.o)
                0x00003700                strnlen_P
 .text.avr-libc
                0x00003716        0xe /usr/local/CrossPack-AVR-20131216/lib/gcc/avr/4.8.1/../../../../avr/lib/avr5/libc.a(memset.o)
                0x00003716                memset
 .text.avr-libc
                0x00003724       0x16 /usr/local/CrossPack-AVR-20131216/lib/gcc/avr/4.8.1/../../../../avr/lib/avr5/libc.a(strnlen.o)
                0x00003724                strnlen
 .text.avr-libc
                0x0000373a       0x64 /usr/local/CrossPack-AVR-20131216/lib/gcc/avr/4.8.1/../../../../avr/lib/avr5/libc.a(fputc.o)
                0x0000373a                fputc
 .text.avr-libc
                0x0000379e       0xbc /usr/local/CrossPack-AVR-20131216/lib/gcc/avr/4.8.1/../../../../avr/lib/avr5/libc.a(ultoa_invert.o)
                0x0000379e                __ultoa_invert
 .text.libgcc.mul
                0x0000385a        0x0 /usr/local/CrossPack-AVR-20131216/lib/gcc/avr/4.8.1/avr5/libgcc.a(_prologue.o)
 .text.libgcc.div
                0x0000385a        0x0 /usr/local/CrossPack-AVR-20131216/lib/gcc/avr/4.8.1/avr5/libgcc.a(_prologue.o)
 .text.libgcc   0x0000385a        0x0 /usr/local/CrossPack-AVR-20131216/lib/gcc/avr/4.8.1/avr5/libgcc.a(_prologue.o)
 .text.libgcc.prologue
                0x0000385a       0x38 /usr/local/CrossPack-AVR-20131216/lib/gcc/avr/4.8.1/avr5/libgcc.a(_prologue.o)
                0x0000385a                __prologue_saves__
 .text.libgcc.builtins
                0x00003892        0x0 /usr/local/CrossPack-AVR-20131216/lib/gcc/avr/4.8.1/avr5/libgcc.a(_prologue.o)
 .text.libgcc.fmul
                0x00003892        0x0 /usr/local/CrossPack-AVR-20131216/lib/gcc/avr/4.8.1/avr5/libgcc.a(_prologue.o)
 .text.libgcc.fixed
                0x00003892        0x0 /usr/local/CrossPack-AVR-20131216/lib/gcc/avr/4.8.1/avr5/libgcc.a(_prologue.o)
 .text.libgcc.mul
                0x00003892        0x0 /usr/local/CrossPack-AVR-20131216/lib/gcc/avr/4.8.1/avr5/libgcc.a(_epilogue.o)
 .text.libgcc.div
                0x00003892        0x0 /usr/local/CrossPack-AVR-20131216/lib/gcc/avr/4.8.1/avr5/libgcc.a(_epilogue.o)
 .text.libgcc   0x00003892        0x0 /usr/local/CrossPack-AVR-20131216/lib/gcc/avr/4.8.1/avr5/libgcc.a(_epilogue.o)
 .text.libgcc.prologue
                0x00003892       0x36 /usr/local/CrossPack-AVR-20131216/lib/gcc/avr/4.8.1/avr5/libgcc.a(_epilogue.o)
                0x00003892                __epilogue_restores__
 .text.libgcc.builtins
                0x000038c8        0x0 /usr/local/CrossPack-AVR-20131216/lib/gcc/avr/4.8.1/avr5/libgcc.a(_epilogue.o)
 .text.libgcc.fmul
                0x000038c8        0x0 /usr/local/CrossPack-AVR-20131216/lib/gcc/avr/4.8.1/avr5/libgcc.a(_epilogue.o)
 .text.libgcc.fixed
                0x000038c8        0x0 /usr/local/CrossPack-AVR-20131216/lib/gcc/avr/4.8.1/avr5/libgcc.a(_epilogue.o)
                0x000038c8                . = ALIGN (0x2)
 *(.fini9)
 .fini9         0x000038c8        0x0 /usr/local/CrossPack-AVR-20131216/lib/gcc/avr/4.8.1/avr5/libgcc.a(_exit.o)
                0x000038c8                exit
                0x000038c8                _exit
 *(.fini9)
 *(.fini8)
 *(.fini8)
 *(.fini7)
 *(.fini7)
 *(.fini6)
 *(.fini6)
 *(.fini5)
 *(.fini5)
 *(.fini4)
 *(.fini4)
 *(.fini3)
 *(.fini3)
 *(.fini2)
 *(.fini2)
 *(.fini1)
 *(.fini1)
 *(.fini0)
 .fini0         0x000038c8        0x4 /usr/local/CrossPack-AVR-20131216/lib/gcc/avr/4.8.1/avr5/libgcc.a(_exit.o)
 *(.fini0)
                0x000038cc                _etext = .

.data           0x00800100       0x14 load address 0x000038cc
                0x00800100                PROVIDE (__data_start, .)
 *(.data)
 .data          0x00800100        0x0 /usr/local/CrossPack-AVR-20131216/lib/gcc/avr/4.8.1/../../../../avr/lib/avr5/crtm328p.o
 .data          0x00800100        0x0 ./util/clock.o
 .data          0x00800100        0x0 ./util/log.o
 .data          0x00800100        0x0 ./pwm/soft_pwm.o
 .data          0x00800100        0x0 ./imu/imu.o
 .data          0x00800100        0x0 ./imu/mpu6050.o
 .data          0x00800100        0x0 ./i2c/twi/twi.o
 .data          0x00800100        0x0 ./i2c/i2c.o
 .data          0x00800100        0x0 ./i2c/i2c_driver.o
 .data          0x00800100        0x0 ./main.o
 .data          0x00800100        0x0 /usr/local/CrossPack-AVR-20131216/lib/gcc/avr/4.8.1/avr5/libgcc.a(_exit.o)
 .data          0x00800100        0x0 /usr/local/CrossPack-AVR-20131216/lib/gcc/avr/4.8.1/avr5/libgcc.a(_tablejump.o)
 .data          0x00800100        0x0 /usr/local/CrossPack-AVR-20131216/lib/gcc/avr/4.8.1/avr5/libgcc.a(_copy_data.o)
 .data          0x00800100        0x0 /usr/local/CrossPack-AVR-20131216/lib/gcc/avr/4.8.1/avr5/libgcc.a(_clear_bss.o)
 .data          0x00800100        0x0 /usr/local/CrossPack-AVR-20131216/lib/gcc/avr/4.8.1/../../../../avr/lib/avr5/libm.a(cmpsf2.o)
 .data          0x00800100        0x0 /usr/local/CrossPack-AVR-20131216/lib/gcc/avr/4.8.1/../../../../avr/lib/avr5/libm.a(fixunssfsi.o)
 .data          0x00800100        0x0 /usr/local/CrossPack-AVR-20131216/lib/gcc/avr/4.8.1/../../../../avr/lib/avr5/libm.a(fp_cmp.o)
 .data          0x00800100        0x0 /usr/local/CrossPack-AVR-20131216/lib/gcc/avr/4.8.1/../../../../avr/lib/avr5/libm.a(fp_split3.o)
 .data          0x00800100        0x0 /usr/local/CrossPack-AVR-20131216/lib/gcc/avr/4.8.1/../../../../avr/lib/avr5/libm.a(fp_zero.o)
 .data          0x00800100        0x0 /usr/local/CrossPack-AVR-20131216/lib/gcc/avr/4.8.1/../../../../avr/lib/avr5/libm.a(gesf2.o)
 .data          0x00800100        0x0 /usr/local/CrossPack-AVR-20131216/lib/gcc/avr/4.8.1/../../../../avr/lib/avr5/libm.a(mulsf3.o)
 .data          0x00800100        0x0 /usr/local/CrossPack-AVR-20131216/lib/gcc/avr/4.8.1/../../../../avr/lib/avr5/libm.a(mulsf3x.o)
 .data          0x00800100        0x0 /usr/local/CrossPack-AVR-20131216/lib/gcc/avr/4.8.1/../../../../avr/lib/avr5/libm.a(fp_inf.o)
 .data          0x00800100        0x0 /usr/local/CrossPack-AVR-20131216/lib/gcc/avr/4.8.1/../../../../avr/lib/avr5/libm.a(fp_nan.o)
 .data          0x00800100        0x0 /usr/local/CrossPack-AVR-20131216/lib/gcc/avr/4.8.1/../../../../avr/lib/avr5/libm.a(fp_pscA.o)
 .data          0x00800100        0x0 /usr/local/CrossPack-AVR-20131216/lib/gcc/avr/4.8.1/../../../../avr/lib/avr5/libm.a(fp_pscB.o)
 .data          0x00800100        0x0 /usr/local/CrossPack-AVR-20131216/lib/gcc/avr/4.8.1/../../../../avr/lib/avr5/libm.a(fp_round.o)
 .data          0x00800100        0x0 /usr/local/CrossPack-AVR-20131216/lib/gcc/avr/4.8.1/../../../../avr/lib/avr5/libc.a(fdevopen.o)
 .data          0x00800100        0x0 /usr/local/CrossPack-AVR-20131216/lib/gcc/avr/4.8.1/../../../../avr/lib/avr5/libc.a(iob.o)
 .data          0x00800100        0x0 /usr/local/CrossPack-AVR-20131216/lib/gcc/avr/4.8.1/../../../../avr/lib/avr5/libc.a(vfprintf_p.o)
 .data          0x00800100        0x0 /usr/local/CrossPack-AVR-20131216/lib/gcc/avr/4.8.1/../../../../avr/lib/avr5/libc.a(vfprintf_std.o)
 .data          0x00800100        0x0 /usr/local/CrossPack-AVR-20131216/lib/gcc/avr/4.8.1/../../../../avr/lib/avr5/libc.a(calloc.o)
 .data          0x00800100        0x6 /usr/local/CrossPack-AVR-20131216/lib/gcc/avr/4.8.1/../../../../avr/lib/avr5/libc.a(malloc.o)
                0x00800100                __malloc_heap_end
                0x00800102                __malloc_heap_start
                0x00800104                __malloc_margin
 .data          0x00800106        0x0 /usr/local/CrossPack-AVR-20131216/lib/gcc/avr/4.8.1/../../../../avr/lib/avr5/libc.a(strnlen_P.o)
 .data          0x00800106        0x0 /usr/local/CrossPack-AVR-20131216/lib/gcc/avr/4.8.1/../../../../avr/lib/avr5/libc.a(memset.o)
 .data          0x00800106        0x0 /usr/local/CrossPack-AVR-20131216/lib/gcc/avr/4.8.1/../../../../avr/lib/avr5/libc.a(strnlen.o)
 .data          0x00800106        0x0 /usr/local/CrossPack-AVR-20131216/lib/gcc/avr/4.8.1/../../../../avr/lib/avr5/libc.a(fputc.o)
 .data          0x00800106        0x0 /usr/local/CrossPack-AVR-20131216/lib/gcc/avr/4.8.1/../../../../avr/lib/avr5/libc.a(ultoa_invert.o)
 .data          0x00800106        0x0 /usr/local/CrossPack-AVR-20131216/lib/gcc/avr/4.8.1/avr5/libgcc.a(_prologue.o)
 .data          0x00800106        0x0 /usr/local/CrossPack-AVR-20131216/lib/gcc/avr/4.8.1/avr5/libgcc.a(_epilogue.o)
 *(.data*)
 .data.pwm_to_motor
                0x00800106        0x1 ./pwm/soft_pwm.o
                0x00800106                pwm_to_motor
 .data.motor0   0x00800107        0x1 ./pwm/soft_pwm.o
                0x00800107                motor0
 .data.motor1   0x00800108        0x1 ./pwm/soft_pwm.o
                0x00800108                motor1
 .data.motor2   0x00800109        0x1 ./pwm/soft_pwm.o
                0x00800109                motor2
 .data.motor3   0x0080010a        0x1 ./pwm/soft_pwm.o
                0x0080010a                motor3
 .data.acc_25deg
                0x0080010b        0x2 ./imu/imu.o
 .data.imu_address
                0x0080010d        0x1 ./imu/imu.o
                0x0080010d                imu_address
 .data.acc_25deg
                0x0080010e        0x2 ./imu/mpu6050.o
 .data.readTimeout
                0x00800110        0x2 ./i2c/i2c_driver.o
                0x00800110                readTimeout
 .data.acc_25deg
                0x00800112        0x2 ./main.o
 *(.rodata)
 *(.rodata*)
 *(.gnu.linkonce.d*)
                0x00800114                . = ALIGN (0x2)
                0x00800114                _edata = .
                0x00800114                PROVIDE (__data_end, .)

.bss            0x00800114      0x19a
                0x00800114                PROVIDE (__bss_start, .)
 *(.bss)
 .bss           0x00800114        0x0 /usr/local/CrossPack-AVR-20131216/lib/gcc/avr/4.8.1/../../../../avr/lib/avr5/crtm328p.o
 .bss           0x00800114        0x0 ./util/clock.o
 .bss           0x00800114        0x0 ./util/log.o
 .bss           0x00800114        0x0 ./pwm/soft_pwm.o
 .bss           0x00800114        0x0 ./imu/imu.o
 .bss           0x00800114        0x0 ./imu/mpu6050.o
 .bss           0x00800114        0x0 ./i2c/twi/twi.o
 .bss           0x00800114        0x0 ./i2c/i2c.o
 .bss           0x00800114        0x0 ./i2c/i2c_driver.o
 .bss           0x00800114        0x0 ./main.o
 .bss           0x00800114        0x0 /usr/local/CrossPack-AVR-20131216/lib/gcc/avr/4.8.1/avr5/libgcc.a(_exit.o)
 .bss           0x00800114        0x0 /usr/local/CrossPack-AVR-20131216/lib/gcc/avr/4.8.1/avr5/libgcc.a(_tablejump.o)
 .bss           0x00800114        0x0 /usr/local/CrossPack-AVR-20131216/lib/gcc/avr/4.8.1/avr5/libgcc.a(_copy_data.o)
 .bss           0x00800114        0x0 /usr/local/CrossPack-AVR-20131216/lib/gcc/avr/4.8.1/avr5/libgcc.a(_clear_bss.o)
 .bss           0x00800114        0x0 /usr/local/CrossPack-AVR-20131216/lib/gcc/avr/4.8.1/../../../../avr/lib/avr5/libm.a(cmpsf2.o)
 .bss           0x00800114        0x0 /usr/local/CrossPack-AVR-20131216/lib/gcc/avr/4.8.1/../../../../avr/lib/avr5/libm.a(fixunssfsi.o)
 .bss           0x00800114        0x0 /usr/local/CrossPack-AVR-20131216/lib/gcc/avr/4.8.1/../../../../avr/lib/avr5/libm.a(fp_cmp.o)
 .bss           0x00800114        0x0 /usr/local/CrossPack-AVR-20131216/lib/gcc/avr/4.8.1/../../../../avr/lib/avr5/libm.a(fp_split3.o)
 .bss           0x00800114        0x0 /usr/local/CrossPack-AVR-20131216/lib/gcc/avr/4.8.1/../../../../avr/lib/avr5/libm.a(fp_zero.o)
 .bss           0x00800114        0x0 /usr/local/CrossPack-AVR-20131216/lib/gcc/avr/4.8.1/../../../../avr/lib/avr5/libm.a(gesf2.o)
 .bss           0x00800114        0x0 /usr/local/CrossPack-AVR-20131216/lib/gcc/avr/4.8.1/../../../../avr/lib/avr5/libm.a(mulsf3.o)
 .bss           0x00800114        0x0 /usr/local/CrossPack-AVR-20131216/lib/gcc/avr/4.8.1/../../../../avr/lib/avr5/libm.a(mulsf3x.o)
 .bss           0x00800114        0x0 /usr/local/CrossPack-AVR-20131216/lib/gcc/avr/4.8.1/../../../../avr/lib/avr5/libm.a(fp_inf.o)
 .bss           0x00800114        0x0 /usr/local/CrossPack-AVR-20131216/lib/gcc/avr/4.8.1/../../../../avr/lib/avr5/libm.a(fp_nan.o)
 .bss           0x00800114        0x0 /usr/local/CrossPack-AVR-20131216/lib/gcc/avr/4.8.1/../../../../avr/lib/avr5/libm.a(fp_pscA.o)
 .bss           0x00800114        0x0 /usr/local/CrossPack-AVR-20131216/lib/gcc/avr/4.8.1/../../../../avr/lib/avr5/libm.a(fp_pscB.o)
 .bss           0x00800114        0x0 /usr/local/CrossPack-AVR-20131216/lib/gcc/avr/4.8.1/../../../../avr/lib/avr5/libm.a(fp_round.o)
 .bss           0x00800114        0x0 /usr/local/CrossPack-AVR-20131216/lib/gcc/avr/4.8.1/../../../../avr/lib/avr5/libc.a(fdevopen.o)
 .bss           0x00800114        0x0 /usr/local/CrossPack-AVR-20131216/lib/gcc/avr/4.8.1/../../../../avr/lib/avr5/libc.a(iob.o)
 .bss           0x00800114        0x0 /usr/local/CrossPack-AVR-20131216/lib/gcc/avr/4.8.1/../../../../avr/lib/avr5/libc.a(vfprintf_p.o)
 .bss           0x00800114        0x0 /usr/local/CrossPack-AVR-20131216/lib/gcc/avr/4.8.1/../../../../avr/lib/avr5/libc.a(vfprintf_std.o)
 .bss           0x00800114        0x0 /usr/local/CrossPack-AVR-20131216/lib/gcc/avr/4.8.1/../../../../avr/lib/avr5/libc.a(calloc.o)
 .bss           0x00800114        0x0 /usr/local/CrossPack-AVR-20131216/lib/gcc/avr/4.8.1/../../../../avr/lib/avr5/libc.a(malloc.o)
 .bss           0x00800114        0x0 /usr/local/CrossPack-AVR-20131216/lib/gcc/avr/4.8.1/../../../../avr/lib/avr5/libc.a(strnlen_P.o)
 .bss           0x00800114        0x0 /usr/local/CrossPack-AVR-20131216/lib/gcc/avr/4.8.1/../../../../avr/lib/avr5/libc.a(memset.o)
 .bss           0x00800114        0x0 /usr/local/CrossPack-AVR-20131216/lib/gcc/avr/4.8.1/../../../../avr/lib/avr5/libc.a(strnlen.o)
 .bss           0x00800114        0x0 /usr/local/CrossPack-AVR-20131216/lib/gcc/avr/4.8.1/../../../../avr/lib/avr5/libc.a(fputc.o)
 .bss           0x00800114        0x0 /usr/local/CrossPack-AVR-20131216/lib/gcc/avr/4.8.1/../../../../avr/lib/avr5/libc.a(ultoa_invert.o)
 .bss           0x00800114        0x0 /usr/local/CrossPack-AVR-20131216/lib/gcc/avr/4.8.1/avr5/libgcc.a(_prologue.o)
 .bss           0x00800114        0x0 /usr/local/CrossPack-AVR-20131216/lib/gcc/avr/4.8.1/avr5/libgcc.a(_epilogue.o)
 *(.bss*)
 .bss.gyro_scale
                0x00800114        0x4 ./imu/imu.o
 .bss.gyro_adc  0x00800118        0x6 ./imu/imu.o
 .bss.acc_adc   0x0080011e        0x6 ./imu/imu.o
 .bss.est_g     0x00800124        0xc ./imu/imu.o
 .bss.acc_lpf   0x00800130        0xc ./imu/imu.o
 .bss.acc_mag   0x0080013c        0x4 ./imu/imu.o
 .bss.disable_acc_gtest
                0x00800140        0x1 ./imu/imu.o
 .bss.acc_compl_filter_const
                0x00800141        0x4 ./imu/imu.o
 .bss.angle     0x00800145        0x8 ./imu/imu.o
 .bss.gyro_scale
                0x0080014d        0x4 ./imu/mpu6050.o
 .bss.gyro_adc  0x00800151        0x6 ./imu/mpu6050.o
 .bss.acc_adc   0x00800157        0x6 ./imu/mpu6050.o
 .bss.est_g     0x0080015d        0xc ./imu/mpu6050.o
 .bss.acc_lpf   0x00800169        0xc ./imu/mpu6050.o
 .bss.acc_mag   0x00800175        0x4 ./imu/mpu6050.o
 .bss.disable_acc_gtest
                0x00800179        0x1 ./imu/mpu6050.o
 .bss.acc_compl_filter_const
                0x0080017a        0x4 ./imu/mpu6050.o
 .bss.angle     0x0080017e        0x8 ./imu/mpu6050.o
 .bss.twi_state
                0x00800186        0x1 ./i2c/twi/twi.o
 .bss.twi_slarw
                0x00800187        0x1 ./i2c/twi/twi.o
 .bss.twi_sendStop
                0x00800188        0x1 ./i2c/twi/twi.o
 .bss.twi_inRepStart
                0x00800189        0x1 ./i2c/twi/twi.o
 .bss.twi_onSlaveTransmit
                0x0080018a        0x2 ./i2c/twi/twi.o
 .bss.twi_onSlaveReceive
                0x0080018c        0x2 ./i2c/twi/twi.o
 .bss.twi_masterBuffer
                0x0080018e       0x20 ./i2c/twi/twi.o
 .bss.twi_masterBufferIndex
                0x008001ae        0x1 ./i2c/twi/twi.o
 .bss.twi_masterBufferLength
                0x008001af        0x1 ./i2c/twi/twi.o
 .bss.twi_txBuffer
                0x008001b0       0x20 ./i2c/twi/twi.o
 .bss.twi_txBufferIndex
                0x008001d0        0x1 ./i2c/twi/twi.o
 .bss.twi_txBufferLength
                0x008001d1        0x1 ./i2c/twi/twi.o
 .bss.twi_rxBuffer
                0x008001d2       0x20 ./i2c/twi/twi.o
 .bss.twi_rxBufferIndex
                0x008001f2        0x1 ./i2c/twi/twi.o
 .bss.twi_error
                0x008001f3        0x1 ./i2c/twi/twi.o
 .bss.rxBufferIndex
                0x008001f4        0x1 ./i2c/i2c.o
                0x008001f4                rxBufferIndex
 .bss.rxBufferLength
                0x008001f5        0x1 ./i2c/i2c.o
                0x008001f5                rxBufferLength
 .bss.txAddress
                0x008001f6        0x1 ./i2c/i2c.o
                0x008001f6                txAddress
 .bss.txBufferIndex
                0x008001f7        0x1 ./i2c/i2c.o
                0x008001f7                txBufferIndex
 .bss.txBufferLength
                0x008001f8        0x1 ./i2c/i2c.o
                0x008001f8                txBufferLength
 .bss.transmitting
                0x008001f9        0x1 ./i2c/i2c.o
                0x008001f9                transmitting
 .bss.gyro_scale
                0x008001fa        0x4 ./main.o
 .bss.gyro_adc  0x008001fe        0x6 ./main.o
 .bss.acc_adc   0x00800204        0x6 ./main.o
 .bss.est_g     0x0080020a        0xc ./main.o
 .bss.acc_lpf   0x00800216        0xc ./main.o
 .bss.acc_mag   0x00800222        0x4 ./main.o
 .bss.disable_acc_gtest
                0x00800226        0x1 ./main.o
 .bss.acc_compl_filter_const
                0x00800227        0x4 ./main.o
 .bss.angle     0x0080022b        0x8 ./main.o
 .bss.term_in   0x00800233        0x1 ./main.o
                0x00800233                term_in
 *(COMMON)
 COMMON         0x00800234        0x4 ./util/clock.o
                0x00800234                clock_millis
 COMMON         0x00800238        0x4 ./util/log.o
                0x00800238                debug_out_cb
                0x0080023a                debug_rx_cb
 COMMON         0x0080023c        0x8 ./pwm/soft_pwm.o
                0x0080023c                compbuff
                0x00800240                compare
 COMMON         0x00800244        0xe ./imu/imu.o
                0x00800244                imu_buffer
 COMMON         0x00800252       0x40 ./i2c/i2c.o
                0x00800252                rxBuffer
                0x00800272                txBuffer
 COMMON         0x00800292       0x12 ./main.o
                0x00800292                gy
                0x00800294                az
                0x00800296                my
                0x00800298                ax
                0x0080029a                gz
                0x0080029c                mz
                0x0080029e                gx
                0x008002a0                ay
                0x008002a2                mx
 COMMON         0x008002a4        0x6 /usr/local/CrossPack-AVR-20131216/lib/gcc/avr/4.8.1/../../../../avr/lib/avr5/libc.a(iob.o)
                0x008002a4                __iob
 COMMON         0x008002aa        0x4 /usr/local/CrossPack-AVR-20131216/lib/gcc/avr/4.8.1/../../../../avr/lib/avr5/libc.a(malloc.o)
                0x008002aa                __brkval
                0x008002ac                __flp
                0x008002ae                PROVIDE (__bss_end, .)
                0x000038cc                __data_load_start = LOADADDR (.data)
                0x000038e0                __data_load_end = (__data_load_start + SIZEOF (.data))

.noinit         0x008002ae        0x0
                0x008002ae                PROVIDE (__noinit_start, .)
 *(.noinit*)
                0x008002ae                PROVIDE (__noinit_end, .)
                0x008002ae                _end = .
                0x008002ae                PROVIDE (__heap_start, .)

.eeprom         0x00810000        0x0
 *(.eeprom*)
                0x00810000                __eeprom_end = .

.fuse
 *(.fuse)
 *(.lfuse)
 *(.hfuse)
 *(.efuse)

.lock
 *(.lock*)

.signature
 *(.signature*)

.user_signatures
 *(.user_signatures*)

.stab           0x00000000     0x5628
 *(.stab)
 .stab          0x00000000      0x6a8 ./util/clock.o
 .stab          0x000006a8      0xb70 ./util/log.o
                                0xd74 (size before relaxing)
 .stab          0x00001218      0x414 ./pwm/soft_pwm.o
                                0x5dc (size before relaxing)
 .stab          0x0000162c      0x654 ./imu/imu.o
                                0x828 (size before relaxing)
 .stab          0x00001c80      0xbf4 ./imu/mpu6050.o
                                0xe94 (size before relaxing)
 .stab          0x00002874      0xe58 ./i2c/twi/twi.o
                               0x1044 (size before relaxing)
 .stab          0x000036cc      0x804 ./i2c/i2c.o
                                0x9cc (size before relaxing)
 .stab          0x00003ed0      0xdec ./i2c/i2c_driver.o
                               0x1044 (size before relaxing)
 .stab          0x00004cbc      0x96c ./main.o
                                0xc84 (size before relaxing)

.stabstr        0x00000000     0x2a0a
 *(.stabstr)
 .stabstr       0x00000000     0x2a0a ./util/clock.o

.stab.excl
 *(.stab.excl)

.stab.exclstr
 *(.stab.exclstr)

.stab.index
 *(.stab.index)

.stab.indexstr
 *(.stab.indexstr)

.comment        0x00000000       0x11
 *(.comment)
 .comment       0x00000000       0x11 ./util/clock.o
                                 0x12 (size before relaxing)
 .comment       0x00000000       0x12 ./util/log.o
 .comment       0x00000000       0x12 ./pwm/soft_pwm.o
 .comment       0x00000000       0x12 ./imu/imu.o
 .comment       0x00000000       0x12 ./imu/mpu6050.o
 .comment       0x00000000       0x12 ./i2c/twi/twi.o
 .comment       0x00000000       0x12 ./i2c/i2c.o
 .comment       0x00000000       0x12 ./i2c/i2c_driver.o
 .comment       0x00000000       0x12 ./main.o
 .comment       0x00000000       0x12 /usr/local/CrossPack-AVR-20131216/lib/gcc/avr/4.8.1/../../../../avr/lib/avr5/libc.a(fdevopen.o)
 .comment       0x00000000       0x12 /usr/local/CrossPack-AVR-20131216/lib/gcc/avr/4.8.1/../../../../avr/lib/avr5/libc.a(iob.o)
 .comment       0x00000000       0x12 /usr/local/CrossPack-AVR-20131216/lib/gcc/avr/4.8.1/../../../../avr/lib/avr5/libc.a(vfprintf_p.o)
 .comment       0x00000000       0x12 /usr/local/CrossPack-AVR-20131216/lib/gcc/avr/4.8.1/../../../../avr/lib/avr5/libc.a(vfprintf_std.o)
 .comment       0x00000000       0x12 /usr/local/CrossPack-AVR-20131216/lib/gcc/avr/4.8.1/../../../../avr/lib/avr5/libc.a(calloc.o)
 .comment       0x00000000       0x12 /usr/local/CrossPack-AVR-20131216/lib/gcc/avr/4.8.1/../../../../avr/lib/avr5/libc.a(malloc.o)
 .comment       0x00000000       0x12 /usr/local/CrossPack-AVR-20131216/lib/gcc/avr/4.8.1/../../../../avr/lib/avr5/libc.a(fputc.o)

.debug
 *(.debug)

.line
 *(.line)

.debug_srcinfo
 *(.debug_srcinfo)

.debug_sfnames
 *(.debug_sfnames)

.debug_aranges  0x00000000       0xc0
 *(.debug_aranges)
 .debug_aranges
                0x00000000       0x20 /usr/local/CrossPack-AVR-20131216/lib/gcc/avr/4.8.1/avr5/libgcc.a(_exit.o)
 .debug_aranges
                0x00000020       0x20 /usr/local/CrossPack-AVR-20131216/lib/gcc/avr/4.8.1/avr5/libgcc.a(_tablejump.o)
 .debug_aranges
                0x00000040       0x20 /usr/local/CrossPack-AVR-20131216/lib/gcc/avr/4.8.1/avr5/libgcc.a(_copy_data.o)
 .debug_aranges
                0x00000060       0x20 /usr/local/CrossPack-AVR-20131216/lib/gcc/avr/4.8.1/avr5/libgcc.a(_clear_bss.o)
 .debug_aranges
                0x00000080       0x20 /usr/local/CrossPack-AVR-20131216/lib/gcc/avr/4.8.1/avr5/libgcc.a(_prologue.o)
 .debug_aranges
                0x000000a0       0x20 /usr/local/CrossPack-AVR-20131216/lib/gcc/avr/4.8.1/avr5/libgcc.a(_epilogue.o)

.debug_pubnames
 *(.debug_pubnames)

.debug_info     0x00000000      0x474
 *(.debug_info)
 .debug_info    0x00000000       0xbe /usr/local/CrossPack-AVR-20131216/lib/gcc/avr/4.8.1/avr5/libgcc.a(_exit.o)
 .debug_info    0x000000be       0xbe /usr/local/CrossPack-AVR-20131216/lib/gcc/avr/4.8.1/avr5/libgcc.a(_tablejump.o)
 .debug_info    0x0000017c       0xbe /usr/local/CrossPack-AVR-20131216/lib/gcc/avr/4.8.1/avr5/libgcc.a(_copy_data.o)
 .debug_info    0x0000023a       0xbe /usr/local/CrossPack-AVR-20131216/lib/gcc/avr/4.8.1/avr5/libgcc.a(_clear_bss.o)
 .debug_info    0x000002f8       0xbe /usr/local/CrossPack-AVR-20131216/lib/gcc/avr/4.8.1/avr5/libgcc.a(_prologue.o)
 .debug_info    0x000003b6       0xbe /usr/local/CrossPack-AVR-20131216/lib/gcc/avr/4.8.1/avr5/libgcc.a(_epilogue.o)
 *(.gnu.linkonce.wi.*)

.debug_abbrev   0x00000000       0x78
 *(.debug_abbrev)
 .debug_abbrev  0x00000000       0x14 /usr/local/CrossPack-AVR-20131216/lib/gcc/avr/4.8.1/avr5/libgcc.a(_exit.o)
 .debug_abbrev  0x00000014       0x14 /usr/local/CrossPack-AVR-20131216/lib/gcc/avr/4.8.1/avr5/libgcc.a(_tablejump.o)
 .debug_abbrev  0x00000028       0x14 /usr/local/CrossPack-AVR-20131216/lib/gcc/avr/4.8.1/avr5/libgcc.a(_copy_data.o)
 .debug_abbrev  0x0000003c       0x14 /usr/local/CrossPack-AVR-20131216/lib/gcc/avr/4.8.1/avr5/libgcc.a(_clear_bss.o)
 .debug_abbrev  0x00000050       0x14 /usr/local/CrossPack-AVR-20131216/lib/gcc/avr/4.8.1/avr5/libgcc.a(_prologue.o)
 .debug_abbrev  0x00000064       0x14 /usr/local/CrossPack-AVR-20131216/lib/gcc/avr/4.8.1/avr5/libgcc.a(_epilogue.o)

.debug_line     0x00000000      0x25a
 *(.debug_line)
 .debug_line    0x00000000       0x58 /usr/local/CrossPack-AVR-20131216/lib/gcc/avr/4.8.1/avr5/libgcc.a(_exit.o)
 .debug_line    0x00000058       0x5c /usr/local/CrossPack-AVR-20131216/lib/gcc/avr/4.8.1/avr5/libgcc.a(_tablejump.o)
 .debug_line    0x000000b4       0x61 /usr/local/CrossPack-AVR-20131216/lib/gcc/avr/4.8.1/avr5/libgcc.a(_copy_data.o)
 .debug_line    0x00000115       0x5e /usr/local/CrossPack-AVR-20131216/lib/gcc/avr/4.8.1/avr5/libgcc.a(_clear_bss.o)
 .debug_line    0x00000173       0x74 /usr/local/CrossPack-AVR-20131216/lib/gcc/avr/4.8.1/avr5/libgcc.a(_prologue.o)
 .debug_line    0x000001e7       0x73 /usr/local/CrossPack-AVR-20131216/lib/gcc/avr/4.8.1/avr5/libgcc.a(_epilogue.o)

.debug_frame
 *(.debug_frame)

.debug_str
 *(.debug_str)

.debug_loc
 *(.debug_loc)

.debug_macinfo
 *(.debug_macinfo)

.debug_pubtypes
 *(.debug_pubtypes)

.debug_ranges
 *(.debug_ranges)

.debug_macro
 *(.debug_macro)
OUTPUT(brushless_gimbal.elf elf32-avr)
LOAD linker stubs
