Archive member included because of file (symbol)

/usr/local/CrossPack-AVR-20131216/lib/gcc/avr/4.8.1/../../../../avr/lib/avr5/libprintf_flt.a(vfprintf_flt.o)
                              (vfprintf)
/usr/local/CrossPack-AVR-20131216/lib/gcc/avr/4.8.1/../../../../avr/lib/avr5/libm.a(addsf3.o)
                              ./math/fast_math.o (__subsf3)
/usr/local/CrossPack-AVR-20131216/lib/gcc/avr/4.8.1/../../../../avr/lib/avr5/libm.a(addsf3x.o)
                              /usr/local/CrossPack-AVR-20131216/lib/gcc/avr/4.8.1/../../../../avr/lib/avr5/libm.a(addsf3.o) (__addsf3x)
/usr/local/CrossPack-AVR-20131216/lib/gcc/avr/4.8.1/../../../../avr/lib/avr5/libm.a(atan2.o)
                              ./gimbal/gimbal.o (atan2)
/usr/local/CrossPack-AVR-20131216/lib/gcc/avr/4.8.1/../../../../avr/lib/avr5/libm.a(atan.o)
                              /usr/local/CrossPack-AVR-20131216/lib/gcc/avr/4.8.1/../../../../avr/lib/avr5/libm.a(atan2.o) (atan)
/usr/local/CrossPack-AVR-20131216/lib/gcc/avr/4.8.1/../../../../avr/lib/avr5/libm.a(cmpsf2.o)
                              ./gimbal/gimbal.o (__eqsf2)
/usr/local/CrossPack-AVR-20131216/lib/gcc/avr/4.8.1/../../../../avr/lib/avr5/libm.a(divsf3.o)
                              ./math/fast_math.o (__divsf3)
/usr/local/CrossPack-AVR-20131216/lib/gcc/avr/4.8.1/../../../../avr/lib/avr5/libm.a(divsf3x.o)
                              /usr/local/CrossPack-AVR-20131216/lib/gcc/avr/4.8.1/../../../../avr/lib/avr5/libm.a(divsf3.o) (__divsf3x)
/usr/local/CrossPack-AVR-20131216/lib/gcc/avr/4.8.1/../../../../avr/lib/avr5/libm.a(fixsfsi.o)
                              ./imu/gyro.o (__fixsfsi)
/usr/local/CrossPack-AVR-20131216/lib/gcc/avr/4.8.1/../../../../avr/lib/avr5/libm.a(fixunssfsi.o)
                              ./math/fast_math.o (__fixunssfsi)
/usr/local/CrossPack-AVR-20131216/lib/gcc/avr/4.8.1/../../../../avr/lib/avr5/libm.a(floatsisf.o)
                              ./gimbal/gimbal.o (__floatunsisf)
/usr/local/CrossPack-AVR-20131216/lib/gcc/avr/4.8.1/../../../../avr/lib/avr5/libm.a(fp_cmp.o)
                              /usr/local/CrossPack-AVR-20131216/lib/gcc/avr/4.8.1/../../../../avr/lib/avr5/libm.a(cmpsf2.o) (__fp_cmp)
/usr/local/CrossPack-AVR-20131216/lib/gcc/avr/4.8.1/../../../../avr/lib/avr5/libm.a(fp_inf.o)
                              /usr/local/CrossPack-AVR-20131216/lib/gcc/avr/4.8.1/../../../../avr/lib/avr5/libm.a(addsf3x.o) (__fp_inf)
/usr/local/CrossPack-AVR-20131216/lib/gcc/avr/4.8.1/../../../../avr/lib/avr5/libm.a(fp_nan.o)
                              /usr/local/CrossPack-AVR-20131216/lib/gcc/avr/4.8.1/../../../../avr/lib/avr5/libm.a(addsf3x.o) (__fp_nan)
/usr/local/CrossPack-AVR-20131216/lib/gcc/avr/4.8.1/../../../../avr/lib/avr5/libm.a(fp_powser.o)
                              /usr/local/CrossPack-AVR-20131216/lib/gcc/avr/4.8.1/../../../../avr/lib/avr5/libm.a(atan.o) (__fp_powser)
/usr/local/CrossPack-AVR-20131216/lib/gcc/avr/4.8.1/../../../../avr/lib/avr5/libm.a(fp_pscA.o)
                              /usr/local/CrossPack-AVR-20131216/lib/gcc/avr/4.8.1/../../../../avr/lib/avr5/libm.a(addsf3x.o) (__fp_pscA)
/usr/local/CrossPack-AVR-20131216/lib/gcc/avr/4.8.1/../../../../avr/lib/avr5/libm.a(fp_pscB.o)
                              /usr/local/CrossPack-AVR-20131216/lib/gcc/avr/4.8.1/../../../../avr/lib/avr5/libm.a(addsf3x.o) (__fp_pscB)
/usr/local/CrossPack-AVR-20131216/lib/gcc/avr/4.8.1/../../../../avr/lib/avr5/libm.a(fp_round.o)
                              /usr/local/CrossPack-AVR-20131216/lib/gcc/avr/4.8.1/../../../../avr/lib/avr5/libm.a(addsf3.o) (__fp_round)
/usr/local/CrossPack-AVR-20131216/lib/gcc/avr/4.8.1/../../../../avr/lib/avr5/libm.a(fp_split3.o)
                              /usr/local/CrossPack-AVR-20131216/lib/gcc/avr/4.8.1/../../../../avr/lib/avr5/libm.a(addsf3x.o) (__fp_split3)
/usr/local/CrossPack-AVR-20131216/lib/gcc/avr/4.8.1/../../../../avr/lib/avr5/libm.a(fp_zero.o)
                              /usr/local/CrossPack-AVR-20131216/lib/gcc/avr/4.8.1/../../../../avr/lib/avr5/libm.a(addsf3x.o) (__fp_zero)
/usr/local/CrossPack-AVR-20131216/lib/gcc/avr/4.8.1/../../../../avr/lib/avr5/libm.a(gesf2.o)
                              ./math/fast_math.o (__gesf2)
/usr/local/CrossPack-AVR-20131216/lib/gcc/avr/4.8.1/../../../../avr/lib/avr5/libm.a(inverse.o)
                              /usr/local/CrossPack-AVR-20131216/lib/gcc/avr/4.8.1/../../../../avr/lib/avr5/libm.a(atan.o) (inverse)
/usr/local/CrossPack-AVR-20131216/lib/gcc/avr/4.8.1/../../../../avr/lib/avr5/libm.a(mulsf3.o)
                              ./math/fast_math.o (__mulsf3)
/usr/local/CrossPack-AVR-20131216/lib/gcc/avr/4.8.1/../../../../avr/lib/avr5/libm.a(mulsf3x.o)
                              /usr/local/CrossPack-AVR-20131216/lib/gcc/avr/4.8.1/../../../../avr/lib/avr5/libm.a(atan.o) (__mulsf3x)
/usr/local/CrossPack-AVR-20131216/lib/gcc/avr/4.8.1/../../../../avr/lib/avr5/libm.a(sin.o)
                              ./blc/blc.o (sin)
[...]
Memory Configuration

Name             Origin             Length             Attributes
text             0x00000000         0x00020000         xr
data             0x00800060         0x0000ffa0         rw !x
eeprom           0x00810000         0x00010000         rw !x
fuse             0x00820000         0x00000400         rw !x
lock             0x00830000         0x00000400         rw !x
signature        0x00840000         0x00000400         rw !x
user_signatures  0x00850000         0x00000400         rw !x
*default*        0x00000000         0xffffffff

Linker script and memory map

Address of section .data set to 0x800100
LOAD /usr/local/CrossPack-AVR-20131216/lib/gcc/avr/4.8.1/../../../../avr/lib/avr5/crtm328p.o
LOAD ./util/clock.o
LOAD ./util/config.o
LOAD ./util/log.o
LOAD ./pwm/pwm.o
LOAD ./pwm/soft_pwm.o
LOAD ./math/fast_math.o
LOAD ./imu/gyro.o
LOAD ./imu/imu.o
LOAD ./imu/mpu6050.o
LOAD ./i2c/twi/twi.o
LOAD ./i2c/i2c.o
LOAD ./i2c/i2c_driver.o
LOAD ./gimbal/gimbal.o
LOAD ./eeprom/eeprom.o
LOAD ./blc/blc.o
LOAD ./adc/adc.o
LOAD ./main.o
LOAD /usr/local/CrossPack-AVR-20131216/lib/gcc/avr/4.8.1/../../../../avr/lib/avr5/libprintf_flt.a
LOAD /usr/local/CrossPack-AVR-20131216/lib/gcc/avr/4.8.1/../../../../avr/lib/avr5/libm.a
START GROUP
LOAD /usr/local/CrossPack-AVR-20131216/lib/gcc/avr/4.8.1/avr5/libgcc.a
LOAD /usr/local/CrossPack-AVR-20131216/lib/gcc/avr/4.8.1/../../../../avr/lib/avr5/libm.a
LOAD /usr/local/CrossPack-AVR-20131216/lib/gcc/avr/4.8.1/../../../../avr/lib/avr5/libc.a
END GROUP

.hash
 *(.hash)

.dynsym
 *(.dynsym)

.dynstr
 *(.dynstr)

.gnu.version
 *(.gnu.version)

.gnu.version_d
 *(.gnu.version_d)

.gnu.version_r
 *(.gnu.version_r)

.rel.init
 *(.rel.init)

.rela.init
 *(.rela.init)

.rel.text
 *(.rel.text)
 *(.rel.text.*)
 *(.rel.gnu.linkonce.t*)

.rela.text
 *(.rela.text)
 *(.rela.text.*)
 *(.rela.gnu.linkonce.t*)

.rel.fini
 *(.rel.fini)

.rela.fini
 *(.rela.fini)

.rel.rodata
 *(.rel.rodata)
 *(.rel.rodata.*)
 *(.rel.gnu.linkonce.r*)

.rela.rodata
 *(.rela.rodata)
 *(.rela.rodata.*)
 *(.rela.gnu.linkonce.r*)

.rel.data
 *(.rel.data)
 *(.rel.data.*)
 *(.rel.gnu.linkonce.d*)

.rela.data
 *(.rela.data)
 *(.rela.data.*)
 *(.rela.gnu.linkonce.d*)

.rel.ctors
 *(.rel.ctors)

.rela.ctors
 *(.rela.ctors)

.rel.dtors
 *(.rel.dtors)

.rela.dtors
 *(.rela.dtors)

.rel.got
 *(.rel.got)

.rela.got
 *(.rela.got)

.rel.bss
 *(.rel.bss)

.rela.bss
 *(.rela.bss)

.rel.plt
 *(.rel.plt)

.rela.plt
 *(.rela.plt)

.text           0x00000000     0x704e
 *(.vectors)
 .vectors       0x00000000       0x68 /usr/local/CrossPack-AVR-20131216/lib/gcc/avr/4.8.1/../../../../avr/lib/avr5/crtm328p.o
                0x00000000                __vectors
                0x00000000                __vector_default
 *(.vectors)
 *(.progmem.gcc*)
 .progmem.gcc_fplib
                0x00000068       0x2d /usr/local/CrossPack-AVR-20131216/lib/gcc/avr/4.8.1/../../../../avr/lib/avr5/libm.a(atan.o)
 .progmem.gcc_fplib
                0x00000095       0x1e /usr/local/CrossPack-AVR-20131216/lib/gcc/avr/4.8.1/../../../../avr/lib/avr5/libm.a(fp_sinus.o)
                0x000000b4                . = ALIGN (0x2)
 *fill*         0x000000b3        0x1 
                0x000000b4                __trampolines_start = .
 *(.trampolines)
 .trampolines   0x000000b4        0x0 linker stubs
 *(.trampolines*)
                0x000000b4                __trampolines_end = .
 *(.progmem*)
 .progmem.data.__c.2287
                0x000000b4        0xe ./util/log.o
 .progmem.data.DEBUG_hex
                0x000000c2       0x11 ./util/log.o
                0x000000c2                DEBUG_hex
 .progmem.data._tag
                0x000000d3        0x8 ./util/log.o
 .progmem.data.__c.2113
                0x000000db       0x29 ./imu/gyro.o
 .progmem.data.__c.2111
                0x00000104       0x27 ./imu/gyro.o
 .progmem.data.__c.2106
                0x0000012b       0x27 ./imu/gyro.o
 .progmem.data.__c.2098
                0x00000152       0x36 ./imu/gyro.o
 .progmem.data._tag
                0x00000188        0x7 ./imu/gyro.o
 .progmem.data.__c.2097
                0x0000018f       0x1c ./imu/mpu6050.o
 .progmem.data.__c.2095
                0x000001ab       0x1d ./imu/mpu6050.o
 .progmem.data.__c.2089
                0x000001c8       0x25 ./imu/mpu6050.o
 .progmem.data.__c.2087
                0x000001ed       0x26 ./imu/mpu6050.o
 .progmem.data.__c.2081
                0x00000213       0x24 ./imu/mpu6050.o
 .progmem.data.__c.2079
                0x00000237       0x25 ./imu/mpu6050.o
 .progmem.data.__c.2073
                0x0000025c       0x1b ./imu/mpu6050.o
 .progmem.data.__c.2071
                0x00000277       0x1c ./imu/mpu6050.o
 .progmem.data.__c.2065
                0x00000293        0x4 ./imu/mpu6050.o
 .progmem.data.__c.2063
                0x00000297       0x12 ./imu/mpu6050.o
 .progmem.data._tag
                0x000002a9        0xa ./imu/mpu6050.o
 .progmem.data.__c.2305
                0x000002b3        0x3 ./gimbal/gimbal.o
 .progmem.data.__c.2303
                0x000002b6        0x3 ./gimbal/gimbal.o
 .progmem.data.__c.2301
                0x000002b9        0x4 ./gimbal/gimbal.o
 .progmem.data.__c.2299
                0x000002bd        0x4 ./gimbal/gimbal.o
 .progmem.data.__c.2297
                0x000002c1        0x4 ./gimbal/gimbal.o
 .progmem.data.__c.2295
                0x000002c5        0x4 ./gimbal/gimbal.o
 .progmem.data.__c.2293
                0x000002c9        0x4 ./gimbal/gimbal.o
 .progmem.data.__c.2291
                0x000002cd        0x4 ./gimbal/gimbal.o
 .progmem.data.__c.2289
                0x000002d1        0x4 ./gimbal/gimbal.o
 .progmem.data.__c.2287
                0x000002d5        0x4 ./gimbal/gimbal.o
 .progmem.data.__c.2285
                0x000002d9        0x4 ./gimbal/gimbal.o
 .progmem.data.__c.2283
                0x000002dd        0x4 ./gimbal/gimbal.o
 .progmem.data.__c.2281
                0x000002e1        0x4 ./gimbal/gimbal.o
 .progmem.data.__c.2279
                0x000002e5        0x4 ./gimbal/gimbal.o
 .progmem.data.__c.2277
                0x000002e9        0x4 ./gimbal/gimbal.o
 .progmem.data.__c.2275
                0x000002ed        0x4 ./gimbal/gimbal.o
 .progmem.data.__c.2271
                0x000002f1       0x1a ./gimbal/gimbal.o
 .progmem.data.__c.2226
                0x0000030b       0x14 ./gimbal/gimbal.o
 .progmem.data.__c.2378
                0x0000031f        0xc ./gimbal/gimbal.o
 .progmem.data.__c.2375
                0x0000032b        0xd ./gimbal/gimbal.o
 .progmem.data.__c.2372
                0x00000338        0xf ./gimbal/gimbal.o
 .progmem.data.__c.2368
                0x00000347        0xb ./gimbal/gimbal.o
 .progmem.data.__c.2213
                0x00000352       0x14 ./gimbal/gimbal.o
 .progmem.data.__c.2207
                0x00000366       0x18 ./gimbal/gimbal.o
 .progmem.data.__c.2205
                0x0000037e       0x16 ./gimbal/gimbal.o
 .progmem.data._tag
                0x00000394        0x9 ./gimbal/gimbal.o
 .progmem.data.__c.2243
                0x0000039d        0x3 ./main.o
 .progmem.data.__c.2241
                0x000003a0        0x4 ./main.o
 .progmem.data.__c.2239
                0x000003a4        0x4 ./main.o
 .progmem.data.__c.2237
                0x000003a8        0x4 ./main.o
 .progmem.data.__c.2235
                0x000003ac       0x15 ./main.o
 .progmem.data.__c.2229
                0x000003c1       0x1a ./main.o
 .progmem.data.__c.2227
                0x000003db       0x11 ./main.o
 .progmem.data.__c.2225
                0x000003ec        0xf ./main.o
 .progmem.data.__c.2223
                0x000003fb       0x1d ./main.o
 .progmem.data.__c.2221
                0x00000418       0x13 ./main.o
 .progmem.data.__c.2219
                0x0000042b       0x26 ./main.o
 .progmem.data.__c.2217
                0x00000451       0x25 ./main.o
 .progmem.data.__c.2215
                0x00000476       0x11 ./main.o
 .progmem.data.__c.2213
                0x00000487       0x16 ./main.o
 .progmem.data.__c.2211
                0x0000049d        0xe ./main.o
 .progmem.data.__c.2209
                0x000004ab       0x25 ./main.o
 .progmem.data.__c.2207
                0x000004d0       0x15 ./main.o
 .progmem.data.__c.2205
                0x000004e5        0xe ./main.o
 .progmem.data.__c.2203
                0x000004f3        0xe ./main.o
 .progmem.data.__c.2201
                0x00000501       0x11 ./main.o
 .progmem.data.__c.2199
                0x00000512       0x23 ./main.o
 .progmem.data.__c.2186
                0x00000535        0xb ./main.o
 .progmem.data._tag
                0x00000540        0x7 ./main.o
 .progmem.data  0x00000547        0x8 /usr/local/CrossPack-AVR-20131216/lib/gcc/avr/4.8.1/../../../../avr/lib/avr5/libprintf_flt.a(vfprintf_flt.o)
 .progmem.data  0x0000054f       0xfa /usr/local/CrossPack-AVR-20131216/lib/gcc/avr/4.8.1/../../../../avr/lib/avr5/libc.a(ftoa_engine.o)
                0x0000064a                . = ALIGN (0x2)
 *fill*         0x00000649        0x1 
 *(.jumptables)
 *(.jumptables*)
 *(.lowtext)
 *(.lowtext*)
                0x0000064a                __ctors_start = .
 *(.ctors)
                0x0000064a                __ctors_end = .
                0x0000064a                __dtors_start = .
 *(.dtors)
                0x0000064a                __dtors_end = .
 SORT(*)(.ctors)
 SORT(*)(.dtors)
 *(.init0)
 .init0         0x0000064a        0x0 /usr/local/CrossPack-AVR-20131216/lib/gcc/avr/4.8.1/../../../../avr/lib/avr5/crtm328p.o
                0x0000064a                __init
 *(.init0)
 *(.init1)
 *(.init1)
 *(.init2)
 .init2         0x0000064a        0xc /usr/local/CrossPack-AVR-20131216/lib/gcc/avr/4.8.1/../../../../avr/lib/avr5/crtm328p.o
 *(.init2)
 *(.init3)
 *(.init3)
 *(.init4)
 .init4         0x00000656       0x16 /usr/local/CrossPack-AVR-20131216/lib/gcc/avr/4.8.1/avr5/libgcc.a(_copy_data.o)
                0x00000656                __do_copy_data
 .init4         0x0000066c       0x10 /usr/local/CrossPack-AVR-20131216/lib/gcc/avr/4.8.1/avr5/libgcc.a(_clear_bss.o)
                0x0000066c                __do_clear_bss
 *(.init4)
 *(.init5)
 *(.init5)
 *(.init6)
 *(.init6)
 *(.init7)
 *(.init7)
 *(.init8)
 *(.init8)
 *(.init9)
 .init9         0x0000067c        0x8 /usr/local/CrossPack-AVR-20131216/lib/gcc/avr/4.8.1/../../../../avr/lib/avr5/crtm328p.o
 *(.init9)
 *(.text)
 .text          0x00000684        0x4 /usr/local/CrossPack-AVR-20131216/lib/gcc/avr/4.8.1/../../../../avr/lib/avr5/crtm328p.o
                0x00000684                __vector_20
                0x00000684                __vector_1
                0x00000684                __vector_12
                0x00000684                __bad_interrupt
                0x00000684                __vector_6
                0x00000684                __vector_3
                0x00000684                __vector_23
                0x00000684                __vector_25
                0x00000684                __vector_11
                0x00000684                __vector_17
                0x00000684                __vector_19
                0x00000684                __vector_7
                0x00000684                __vector_5
                0x00000684                __vector_4
                0x00000684                __vector_9
                0x00000684                __vector_2
                0x00000684                __vector_21
                0x00000684                __vector_15
                0x00000684                __vector_8
                0x00000684                __vector_10
                0x00000684                __vector_16
                0x00000684                __vector_22
 .text          0x00000688        0x0 ./util/clock.o
 .text          0x00000688        0x0 ./util/config.o
 .text          0x00000688        0x0 ./util/log.o
 .text          0x00000688        0x0 ./pwm/pwm.o
 .text          0x00000688        0x0 ./pwm/soft_pwm.o
 .text          0x00000688        0x0 ./math/fast_math.o
 .text          0x00000688        0x0 ./imu/gyro.o
 .text          0x00000688        0x0 ./imu/imu.o
 .text          0x00000688        0x0 ./imu/mpu6050.o
 .text          0x00000688        0x0 ./i2c/twi/twi.o
 .text          0x00000688        0x0 ./i2c/i2c.o
 .text          0x00000688        0x0 ./i2c/i2c_driver.o
 .text          0x00000688        0x0 ./gimbal/gimbal.o
 .text          0x00000688        0x0 ./eeprom/eeprom.o
 .text          0x00000688        0x0 ./blc/blc.o
 .text          0x00000688        0x0 ./adc/adc.o
 .text          0x00000688        0x0 ./main.o
 .text          0x00000688        0x0 /usr/local/CrossPack-AVR-20131216/lib/gcc/avr/4.8.1/../../../../avr/lib/avr5/libprintf_flt.a(vfprintf_flt.o)
 .text          0x00000688        0x0 /usr/local/CrossPack-AVR-20131216/lib/gcc/avr/4.8.1/../../../../avr/lib/avr5/libm.a(addsf3.o)
 .text          0x00000688        0x0 /usr/local/CrossPack-AVR-20131216/lib/gcc/avr/4.8.1/../../../../avr/lib/avr5/libm.a(addsf3x.o)
 .text          0x00000688        0x0 /usr/local/CrossPack-AVR-20131216/lib/gcc/avr/4.8.1/../../../../avr/lib/avr5/libm.a(atan2.o)
 .text          0x00000688        0x0 /usr/local/CrossPack-AVR-20131216/lib/gcc/avr/4.8.1/../../../../avr/lib/avr5/libm.a(atan.o)
 .text          0x00000688        0x0 /usr/local/CrossPack-AVR-20131216/lib/gcc/avr/4.8.1/../../../../avr/lib/avr5/libm.a(cmpsf2.o)
 .text          0x00000688        0x0 /usr/local/CrossPack-AVR-20131216/lib/gcc/avr/4.8.1/../../../../avr/lib/avr5/libm.a(divsf3.o)
 .text          0x00000688        0x0 /usr/local/CrossPack-AVR-20131216/lib/gcc/avr/4.8.1/../../../../avr/lib/avr5/libm.a(divsf3x.o)
 .text          0x00000688        0x0 /usr/local/CrossPack-AVR-20131216/lib/gcc/avr/4.8.1/../../../../avr/lib/avr5/libm.a(fixsfsi.o)
 .text          0x00000688        0x0 /usr/local/CrossPack-AVR-20131216/lib/gcc/avr/4.8.1/../../../../avr/lib/avr5/libm.a(fixunssfsi.o)
 .text          0x00000688        0x0 /usr/local/CrossPack-AVR-20131216/lib/gcc/avr/4.8.1/../../../../avr/lib/avr5/libm.a(floatsisf.o)
 .text          0x00000688        0x0 /usr/local/CrossPack-AVR-20131216/lib/gcc/avr/4.8.1/../../../../avr/lib/avr5/libm.a(fp_cmp.o)
 .text          0x00000688        0x0 /usr/local/CrossPack-AVR-20131216/lib/gcc/avr/4.8.1/../../../../avr/lib/avr5/libm.a(fp_inf.o)
 .text          0x00000688        0x0 /usr/local/CrossPack-AVR-20131216/lib/gcc/avr/4.8.1/../../../../avr/lib/avr5/libm.a(fp_nan.o)
 .text          0x00000688        0x0 /usr/local/CrossPack-AVR-20131216/lib/gcc/avr/4.8.1/../../../../avr/lib/avr5/libm.a(fp_powser.o)
 .text          0x00000688        0x0 /usr/local/CrossPack-AVR-20131216/lib/gcc/avr/4.8.1/../../../../avr/lib/avr5/libm.a(fp_pscA.o)
 .text          0x00000688        0x0 /usr/local/CrossPack-AVR-20131216/lib/gcc/avr/4.8.1/../../../../avr/lib/avr5/libm.a(fp_pscB.o)
 .text          0x00000688        0x0 /usr/local/CrossPack-AVR-20131216/lib/gcc/avr/4.8.1/../../../../avr/lib/avr5/libm.a(fp_round.o)
 .text          0x00000688        0x0 /usr/local/CrossPack-AVR-20131216/lib/gcc/avr/4.8.1/../../../../avr/lib/avr5/libm.a(fp_split3.o)
 .text          0x00000688        0x0 /usr/local/CrossPack-AVR-20131216/lib/gcc/avr/4.8.1/../../../../avr/lib/avr5/libm.a(fp_zero.o)
 .text          0x00000688        0x0 /usr/local/CrossPack-AVR-20131216/lib/gcc/avr/4.8.1/../../../../avr/lib/avr5/libm.a(gesf2.o)
 .text          0x00000688        0x0 /usr/local/CrossPack-AVR-20131216/lib/gcc/avr/4.8.1/../../../../avr/lib/avr5/libm.a(inverse.o)
 .text          0x00000688        0x0 /usr/local/CrossPack-AVR-20131216/lib/gcc/avr/4.8.1/../../../../avr/lib/avr5/libm.a(mulsf3.o)
 .text          0x00000688        0x0 /usr/local/CrossPack-AVR-20131216/lib/gcc/avr/4.8.1/../../../../avr/lib/avr5/libm.a(mulsf3x.o)
 .text          0x00000688        0x0 /usr/local/CrossPack-AVR-20131216/lib/gcc/avr/4.8.1/../../../../avr/lib/avr5/libm.a(sin.o)
 .text          0x00000688        0x0 /usr/local/CrossPack-AVR-20131216/lib/gcc/avr/4.8.1/../../../../avr/lib/avr5/libm.a(sqrt.o)
 .text          0x00000688        0x0 /usr/local/CrossPack-AVR-20131216/lib/gcc/avr/4.8.1/../../../../avr/lib/avr5/libm.a(square.o)
 .text          0x00000688        0x0 /usr/local/CrossPack-AVR-20131216/lib/gcc/avr/4.8.1/../../../../avr/lib/avr5/libm.a(fp_mpack.o)
 .text          0x00000688        0x0 /usr/local/CrossPack-AVR-20131216/lib/gcc/avr/4.8.1/../../../../avr/lib/avr5/libm.a(fp_norm2.o)
 .text          0x00000688        0x0 /usr/local/CrossPack-AVR-20131216/lib/gcc/avr/4.8.1/../../../../avr/lib/avr5/libm.a(fp_rempio2.o)
 .text          0x00000688        0x0 /usr/local/CrossPack-AVR-20131216/lib/gcc/avr/4.8.1/../../../../avr/lib/avr5/libm.a(fp_sinus.o)
 .text          0x00000688        0x0 /usr/local/CrossPack-AVR-20131216/lib/gcc/avr/4.8.1/../../../../avr/lib/avr5/libm.a(fp_powsodd.o)
 .text          0x00000688        0x0 /usr/local/CrossPack-AVR-20131216/lib/gcc/avr/4.8.1/avr5/libgcc.a(_mulsi3.o)
 .text          0x00000688        0x0 /usr/local/CrossPack-AVR-20131216/lib/gcc/avr/4.8.1/avr5/libgcc.a(_divmodhi4.o)
 .text          0x00000688        0x0 /usr/local/CrossPack-AVR-20131216/lib/gcc/avr/4.8.1/avr5/libgcc.a(_divmodsi4.o)
 .text          0x00000688        0x0 /usr/local/CrossPack-AVR-20131216/lib/gcc/avr/4.8.1/avr5/libgcc.a(_negsi2.o)
 .text          0x00000688        0x0 /usr/local/CrossPack-AVR-20131216/lib/gcc/avr/4.8.1/avr5/libgcc.a(_exit.o)
 .text          0x00000688        0x0 /usr/local/CrossPack-AVR-20131216/lib/gcc/avr/4.8.1/avr5/libgcc.a(_copy_data.o)
 .text          0x00000688        0x0 /usr/local/CrossPack-AVR-20131216/lib/gcc/avr/4.8.1/avr5/libgcc.a(_clear_bss.o)
 .text          0x00000688        0x0 /usr/local/CrossPack-AVR-20131216/lib/gcc/avr/4.8.1/avr5/libgcc.a(_muluhisi3.o)
 .text          0x00000688        0x0 /usr/local/CrossPack-AVR-20131216/lib/gcc/avr/4.8.1/avr5/libgcc.a(_mulshisi3.o)
 .text          0x00000688        0x0 /usr/local/CrossPack-AVR-20131216/lib/gcc/avr/4.8.1/avr5/libgcc.a(_prologue.o)
 .text          0x00000688        0x0 /usr/local/CrossPack-AVR-20131216/lib/gcc/avr/4.8.1/avr5/libgcc.a(_epilogue.o)
 .text          0x00000688        0x0 /usr/local/CrossPack-AVR-20131216/lib/gcc/avr/4.8.1/avr5/libgcc.a(_udivmodhi4.o)
 .text          0x00000688        0x0 /usr/local/CrossPack-AVR-20131216/lib/gcc/avr/4.8.1/avr5/libgcc.a(_udivmodsi4.o)
 .text          0x00000688        0x0 /usr/local/CrossPack-AVR-20131216/lib/gcc/avr/4.8.1/avr5/libgcc.a(_umulhisi3.o)
 .text          0x00000688        0x0 /usr/local/CrossPack-AVR-20131216/lib/gcc/avr/4.8.1/../../../../avr/lib/avr5/libc.a(ftoa_engine.o)
 .text          0x00000688        0x0 /usr/local/CrossPack-AVR-20131216/lib/gcc/avr/4.8.1/../../../../avr/lib/avr5/libc.a(strnlen_P.o)
 .text          0x00000688        0x0 /usr/local/CrossPack-AVR-20131216/lib/gcc/avr/4.8.1/../../../../avr/lib/avr5/libc.a(strnlen.o)
 .text          0x00000688        0x0 /usr/local/CrossPack-AVR-20131216/lib/gcc/avr/4.8.1/../../../../avr/lib/avr5/libc.a(fdevopen.o)
 .text          0x00000688        0x0 /usr/local/CrossPack-AVR-20131216/lib/gcc/avr/4.8.1/../../../../avr/lib/avr5/libc.a(fputc.o)
 .text          0x00000688        0x0 /usr/local/CrossPack-AVR-20131216/lib/gcc/avr/4.8.1/../../../../avr/lib/avr5/libc.a(iob.o)
 .text          0x00000688        0x0 /usr/local/CrossPack-AVR-20131216/lib/gcc/avr/4.8.1/../../../../avr/lib/avr5/libc.a(vfprintf_p.o)
 .text          0x00000688        0x0 /usr/local/CrossPack-AVR-20131216/lib/gcc/avr/4.8.1/../../../../avr/lib/avr5/libc.a(ultoa_invert.o)
 .text          0x00000688        0x0 /usr/local/CrossPack-AVR-20131216/lib/gcc/avr/4.8.1/../../../../avr/lib/avr5/libc.a(eerd_byte_atmega328p.o)
 .text          0x00000688        0x0 /usr/local/CrossPack-AVR-20131216/lib/gcc/avr/4.8.1/../../../../avr/lib/avr5/libc.a(eewr_byte_atmega328p.o)
 .text          0x00000688        0x0 /usr/local/CrossPack-AVR-20131216/lib/gcc/avr/4.8.1/../../../../avr/lib/avr5/libc.a(calloc.o)
 .text          0x00000688        0x0 /usr/local/CrossPack-AVR-20131216/lib/gcc/avr/4.8.1/../../../../avr/lib/avr5/libc.a(malloc.o)
 .text          0x00000688        0x0 /usr/local/CrossPack-AVR-20131216/lib/gcc/avr/4.8.1/../../../../avr/lib/avr5/libc.a(memset.o)
                0x00000688                . = ALIGN (0x2)
 *(.text.*)
 .text.clock_init
                0x00000688       0x18 ./util/clock.o
                0x00000688                clock_init
 .text.clock_time
                0x000006a0       0x12 ./util/clock.o
                0x000006a0                clock_time
 .text.delay_millis
                0x000006b2       0x3c ./util/clock.o
                0x000006b2                delay_millis
 .text.__vector_14
                0x000006ee       0x4a ./util/clock.o
                0x000006ee                __vector_14
 .text.isr_tick
                0x00000738       0x28 ./util/clock.o
                0x00000738                isr_tick
 .text.config_init
                0x00000760      0x104 ./util/config.o
                0x00000760                config_init
 .text.load_config
                0x00000864       0x26 ./util/config.o
                0x00000864                load_config
 .text.write_config
                0x0000088a       0x10 ./util/config.o
                0x0000088a                write_config
 .text._debug_init
                0x0000089a       0x38 ./util/log.o
                0x0000089a                _debug_init
 .text.__vector_18
                0x000008d2       0x56 ./util/log.o
                0x000008d2                __vector_18
 .text._debug_set_rx_cb
                0x00000928        0xa ./util/log.o
                0x00000928                _debug_set_rx_cb
 .text._debug_set_out_cb
                0x00000932        0xa ./util/log.o
                0x00000932                _debug_set_out_cb
 .text._debug_stringz
                0x0000093c       0x18 ./util/log.o
                0x0000093c                _debug_stringz
 .text._debug_byte
                0x00000954        0xe ./util/log.o
                0x00000954                _debug_byte
 .text._debug_putch
                0x00000962       0x20 ./util/log.o
                0x00000962                _debug_putch
 .text._debug_byte_as_hex
                0x00000982       0x34 ./util/log.o
                0x00000982                _debug_byte_as_hex
 .text._debug_hex_dump
                0x000009b6       0x34 ./util/log.o
                0x000009b6                _debug_hex_dump
 .text._debug_log
                0x000009ea       0x24 ./util/log.o
                0x000009ea                _debug_log
 .text.debug_test
                0x00000a0e       0x70 ./util/log.o
                0x00000a0e                debug_test
 .text.pwm_terminal_in_cb
                0x00000a7e        0x6 ./pwm/pwm.o
                0x00000a7e                pwm_terminal_in_cb
 .text.pwm_init
                0x00000a84       0x74 ./pwm/pwm.o
                0x00000a84                pwm_init
 .text.pwm_setval
                0x00000af8       0x3c ./pwm/pwm.o
                0x00000af8                pwm_setval
 .text.timer0_isr_emulation
                0x00000b34       0x16 ./pwm/pwm.o
                0x00000b34                timer0_isr_emulation
 .text.__vector_13
                0x00000b4a       0xae ./pwm/pwm.o
                0x00000b4a                __vector_13
 .text.pwm_tick
                0x00000bf8       0x12 ./pwm/pwm.o
                0x00000bf8                pwm_tick
 .text.soft_pwm_init
                0x00000c0a       0x38 ./pwm/soft_pwm.o
                0x00000c0a                soft_pwm_init
 .text.soft_pwm_tick
                0x00000c42        0x2 ./pwm/soft_pwm.o
                0x00000c42                soft_pwm_tick
 .text.soft_pwm_setval
                0x00000c44        0x2 ./pwm/soft_pwm.o
                0x00000c44                soft_pwm_setval
 .text.constrain_int
                0x00000c46       0x14 ./math/fast_math.o
                0x00000c46                constrain_int
 .text.constrain_int16
                0x00000c5a       0x14 ./math/fast_math.o
                0x00000c5a                constrain_int16
 .text.constrain_int32
                0x00000c6e       0x30 ./math/fast_math.o
                0x00000c6e                constrain_int32
 .text.fast_arc_tan
                0x00000c9e       0xa2 ./math/fast_math.o
                0x00000c9e                fast_arc_tan
 .text.fast_arc_tan2
                0x00000d40      0x10c ./math/fast_math.o
                0x00000d40                fast_arc_tan2
 .text.fast_arc_tan2_deg1000
                0x00000e4c       0x16 ./math/fast_math.o
                0x00000e4c                fast_arc_tan2_deg1000
 .text.util_lowpass_filter
                0x00000e62       0x68 ./math/fast_math.o
                0x00000e62                util_lowpass_filter
 .text.util_lowpass3rd_filter
                0x00000eca       0xc0 ./math/fast_math.o
                0x00000eca                util_lowpass3rd_filter
 .text.crc_slow
                0x00000f8a       0x1e ./math/fast_math.o
                0x00000f8a                crc_slow
 .text.compute_pid
                0x00000fa8      0x146 ./math/fast_math.o
                0x00000fa8                compute_pid
 .text.swap_char
                0x000010ee       0x12 ./imu/gyro.o
                0x000010ee                swap_char
 .text.swap_int
                0x00001100       0x1a ./imu/gyro.o
                0x00001100                swap_int
 .text.init_resolution_divider
                0x0000111a       0x1a ./imu/gyro.o
                0x0000111a                init_resolution_divider
 .text.gyro_offset_calibration
                0x00001134      0x27e ./imu/gyro.o
                0x00001134                gyro_offset_calibration
 .text.accl_calibration
                0x000013b2       0x38 ./imu/gyro.o
                0x000013b2                accl_calibration
 .text.init_sensor_orientation_default
                0x000013ea       0x56 ./imu/gyro.o
                0x000013ea                init_sensor_orientation_default
 .text.init_sensor_orientation
                0x00001440       0xce ./imu/gyro.o
                0x00001440                init_sensor_orientation
 .text.init_pids
                0x0000150e      0x144 ./imu/gyro.o
                0x0000150e                init_pids
 .text.read_accs
                0x00001652       0xf4 ./imu/gyro.o
                0x00001652                read_accs
 .text.update_acc
                0x00001746       0x98 ./imu/gyro.o
                0x00001746                update_acc
 .text.imu_init
                0x000017de        0x4 ./imu/imu.o
                0x000017de                imu_init
 .text.imu_test
                0x000017e2        0x4 ./imu/imu.o
                0x000017e2                imu_test
 .text.imu_read6
                0x000017e6       0x16 ./imu/imu.o
                0x000017e6                imu_read6
 .text.imu_read9
                0x000017fc       0x3a ./imu/imu.o
                0x000017fc                imu_read9
 .text.imu_get_rotation
                0x00001836        0x4 ./imu/imu.o
                0x00001836                imu_get_rotation
 .text.imu_get_acceleration
                0x0000183a        0x4 ./imu/imu.o
                0x0000183a                imu_get_acceleration
 .text.imu_get_mag
                0x0000183e        0x4 ./imu/imu.o
                0x0000183e                imu_get_mag
 .text.imu_read_gyros
                0x00001842      0x106 ./imu/imu.o
                0x00001842                imu_read_gyros
 .text.imu_set_dlpf
                0x00001948        0x6 ./imu/imu.o
                0x00001948                imu_set_dlpf
 .text.rotate_v
                0x0000194e      0x166 ./imu/imu.o
                0x0000194e                rotate_v
 .text.imu_update_gyro_attitude
                0x00001ab4       0xaa ./imu/imu.o
                0x00001ab4                imu_update_gyro_attitude
 .text.imu_update_acc_attitude
                0x00001b5e      0x122 ./imu/imu.o
                0x00001b5e                imu_update_acc_attitude
 .text.imu_get_attitude_angles
                0x00001c80      0x102 ./imu/imu.o
                0x00001c80                imu_get_attitude_angles
 .text.mpu6050_set_clock_source
                0x00001d82       0x3c ./imu/mpu6050.o
                0x00001d82                mpu6050_set_clock_source
 .text.mpu6050_set_full_scale_gyro_range
                0x00001dbe       0x3c ./imu/mpu6050.o
                0x00001dbe                mpu6050_set_full_scale_gyro_range
 .text.mpu6050_set_full_scale_accel_range
                0x00001dfa       0x3c ./imu/mpu6050.o
                0x00001dfa                mpu6050_set_full_scale_accel_range
 .text.mpu6050_set_sleep_enabled
                0x00001e36       0x36 ./imu/mpu6050.o
                0x00001e36                mpu6050_set_sleep_enabled
 .text.mpu6050_init
                0x00001e6c       0x18 ./imu/mpu6050.o
                0x00001e6c                mpu6050_init
 .text.mpu6050_get_device_id
                0x00001e84       0x5e ./imu/mpu6050.o
                0x00001e84                mpu6050_get_device_id
 .text.mpu6050_test
                0x00001ee2       0x64 ./imu/mpu6050.o
                0x00001ee2                mpu6050_test
 .text.mpu6050_getmotion6
                0x00001f46       0xf4 ./imu/mpu6050.o
                0x00001f46                mpu6050_getmotion6
 .text.mpu6050_getmotion9
                0x0000203a       0xde ./imu/mpu6050.o
                0x0000203a                mpu6050_getmotion9
 .text.mpu6050_set_dlpf_mode
                0x00002118       0x16 ./imu/mpu6050.o
                0x00002118                mpu6050_set_dlpf_mode
 .text.mpu6050_get_rotation
                0x0000212e       0xa2 ./imu/mpu6050.o
                0x0000212e                mpu6050_get_rotation
 .text.mpu6050_get_acceleration
                0x000021d0       0xa2 ./imu/mpu6050.o
                0x000021d0                mpu6050_get_acceleration
 .text.mpu6050_get_mag
                0x00002272       0xd2 ./imu/mpu6050.o
                0x00002272                mpu6050_get_mag
 .text.twi_init
                0x00002344       0x2c ./i2c/twi/twi.o
                0x00002344                twi_init
 .text.twi_setAddress
                0x00002370        0x8 ./i2c/twi/twi.o
                0x00002370                twi_setAddress
 .text.twi_readFrom
                0x00002378       0x88 ./i2c/twi/twi.o
                0x00002378                twi_readFrom
 .text.twi_writeTo
                0x00002400       0xa6 ./i2c/twi/twi.o
                0x00002400                twi_writeTo
 .text.twi_transmit
                0x000024a6       0x32 ./i2c/twi/twi.o
                0x000024a6                twi_transmit
 .text.twi_attachSlaveRxEvent
                0x000024d8        0xa ./i2c/twi/twi.o
                0x000024d8                twi_attachSlaveRxEvent
 .text.twi_attachSlaveTxEvent
                0x000024e2        0xa ./i2c/twi/twi.o
                0x000024e2                twi_attachSlaveTxEvent
 .text.twi_reply
                0x000024ec       0x10 ./i2c/twi/twi.o
                0x000024ec                twi_reply
 .text.twi_stop
                0x000024fc       0x14 ./i2c/twi/twi.o
                0x000024fc                twi_stop
 .text.twi_releaseBus
                0x00002510        0xc ./i2c/twi/twi.o
                0x00002510                twi_releaseBus
 .text.__vector_24
                0x0000251c      0x25a ./i2c/twi/twi.o
                0x0000251c                __vector_24
 .text.i2c_begin
                0x00002776       0x14 ./i2c/i2c.o
                0x00002776                i2c_begin
 .text.i2c_begin_address
                0x0000278a        0x8 ./i2c/i2c.o
                0x0000278a                i2c_begin_address
 .text.i2c_begin_transmission
                0x00002792       0x14 ./i2c/i2c.o
                0x00002792                i2c_begin_transmission
 .text.i2c_request_from
                0x000027a6       0x1c ./i2c/i2c.o
                0x000027a6                i2c_request_from
 .text.i2c_end_transmission
                0x000027c2       0x26 ./i2c/i2c.o
                0x000027c2                i2c_end_transmission
 .text.i2c_write_byte
                0x000027e8       0x54 ./i2c/i2c.o
                0x000027e8                i2c_write_byte
 .text.i2c_write
                0x0000283c       0x40 ./i2c/i2c.o
                0x0000283c                i2c_write
 .text.i2c_available
                0x0000287c        0xc ./i2c/i2c.o
                0x0000287c                i2c_available
 .text.i2c_read
                0x00002888       0x22 ./i2c/i2c.o
                0x00002888                i2c_read
 .text.i2c_peek
                0x000028aa       0x1a ./i2c/i2c.o
                0x000028aa                i2c_peek
 .text.readBytes
                0x000028c4       0xc4 ./i2c/i2c_driver.o
                0x000028c4                readBytes
 .text.readByte
                0x00002988       0x14 ./i2c/i2c_driver.o
                0x00002988                readByte
 .text.writeBytes
                0x0000299c       0x68 ./i2c/i2c_driver.o
                0x0000299c                writeBytes
 .text.writeByte
                0x00002a04       0x20 ./i2c/i2c_driver.o
                0x00002a04                writeByte
 .text.writeBit
                0x00002a24       0x66 ./i2c/i2c_driver.o
                0x00002a24                writeBit
 .text.writeBits
                0x00002a8a       0x8c ./i2c/i2c_driver.o
                0x00002a8a                writeBits
 .text.readBit  0x00002b16       0x4a ./i2c/i2c_driver.o
                0x00002b16                readBit
 .text.readBits
                0x00002b60       0x7a ./i2c/i2c_driver.o
                0x00002b60                readBits
 .text.set_timer
                0x00002bda       0x32 ./gimbal/gimbal.o
 .text.set_acc_time_constant
                0x00002c0c       0x3c ./gimbal/gimbal.o
                0x00002c0c                set_acc_time_constant
 .text.gimbal_init
                0x00002c48       0xfe ./gimbal/gimbal.o
                0x00002c48                gimbal_init
 .text.gimbal_tick
                0x00002d46      0x4ac ./gimbal/gimbal.o
                0x00002d46                gimbal_tick
 .text.gimbal_tick2
                0x000031f2      0x2b2 ./gimbal/gimbal.o
                0x000031f2                gimbal_tick2
 .text.read_sensor_data
                0x000034a4      0x3c6 ./gimbal/gimbal.o
                0x000034a4                read_sensor_data
 .text.gimbal_tick3
                0x0000386a      0x384 ./gimbal/gimbal.o
                0x0000386a                gimbal_tick3
 .text.log_application_data
                0x00003bee      0x2ce ./gimbal/gimbal.o
                0x00003bee                log_application_data
 .text.MadgwickQuaternionUpdate
                0x00003ebc     0x167e ./gimbal/gimbal.o
                0x00003ebc                MadgwickQuaternionUpdate
 .text.voltage_compensation
                0x0000553a      0x1b0 ./gimbal/gimbal.o
                0x0000553a                voltage_compensation
 .text.eeprom_read
                0x000056ea        0x4 ./eeprom/eeprom.o
                0x000056ea                eeprom_read
 .text.eeprom_write
                0x000056ee        0x4 ./eeprom/eeprom.o
                0x000056ee                eeprom_write
 .text.blc_tick
                0x000056f2        0x2 ./blc/blc.o
                0x000056f2                blc_tick
 .text.move_motor_position_speed
                0x000056f4       0x50 ./blc/blc.o
                0x000056f4                move_motor_position_speed
 .text.calc_sinus_array
                0x00005744       0x6c ./blc/blc.o
                0x00005744                calc_sinus_array
 .text.blc_init
                0x000057b0        0x4 ./blc/blc.o
                0x000057b0                blc_init
 .text.motor_power_off
                0x000057b4       0x18 ./blc/blc.o
                0x000057b4                motor_power_off
 .text.adc_init
                0x000057cc        0x2 ./adc/adc.o
                0x000057cc                adc_init
 .text.adc_read
                0x000057ce       0x30 ./adc/adc.o
                0x000057ce                adc_read
 .text.terminal_in_cb
                0x000057fe       0x2a ./main.o
                0x000057fe                terminal_in_cb
 .text.startup.main
                0x00005828      0x1be ./main.o
                0x00005828                main
 .text.read_imu
                0x000059e6       0xb4 ./main.o
                0x000059e6                read_imu
 .text.avr-libc
                0x00005a9a      0x6f6 /usr/local/CrossPack-AVR-20131216/lib/gcc/avr/4.8.1/../../../../avr/lib/avr5/libprintf_flt.a(vfprintf_flt.o)
                0x00005a9a                vfprintf
 .text.avr-libc.fplib
                0x00006190        0xa /usr/local/CrossPack-AVR-20131216/lib/gcc/avr/4.8.1/../../../../avr/lib/avr5/libm.a(addsf3.o)
                0x00006190                __subsf3
                0x00006192                __addsf3
 .text.avr-libc.fplib
                0x0000619a       0xc0 /usr/local/CrossPack-AVR-20131216/lib/gcc/avr/4.8.1/../../../../avr/lib/avr5/libm.a(addsf3x.o)
                0x000061b4                __addsf3x
 .text.avr-libc.fplib
                0x0000625a       0x74 /usr/local/CrossPack-AVR-20131216/lib/gcc/avr/4.8.1/../../../../avr/lib/avr5/libm.a(atan2.o)
                0x00006278                atan2
 .text.avr-libc.fplib
                0x000062ce       0x50 /usr/local/CrossPack-AVR-20131216/lib/gcc/avr/4.8.1/../../../../avr/lib/avr5/libm.a(atan.o)
                0x000062ce                atan
 .text.avr-libc.fplib
                0x0000631e        0x8 /usr/local/CrossPack-AVR-20131216/lib/gcc/avr/4.8.1/../../../../avr/lib/avr5/libm.a(cmpsf2.o)
                0x0000631e                __lesf2
                0x0000631e                __nesf2
                0x0000631e                __eqsf2
                0x0000631e                __cmpsf2
                0x0000631e                __ltsf2
 .text.avr-libc.fplib
                0x00006326        0x4 /usr/local/CrossPack-AVR-20131216/lib/gcc/avr/4.8.1/../../../../avr/lib/avr5/libm.a(divsf3.o)
                0x00006326                __divsf3
 .text.avr-libc.fplib
                0x0000632a       0xcc /usr/local/CrossPack-AVR-20131216/lib/gcc/avr/4.8.1/../../../../avr/lib/avr5/libm.a(divsf3x.o)
                0x00006340                __divsf3x
                0x00006344                __divsf3_pse
 .text.avr-libc.fplib
                0x000063f6        0xa /usr/local/CrossPack-AVR-20131216/lib/gcc/avr/4.8.1/../../../../avr/lib/avr5/libm.a(fixsfsi.o)
                0x000063f6                __fixsfsi
 .text.avr-libc.fplib
                0x00006400       0x58 /usr/local/CrossPack-AVR-20131216/lib/gcc/avr/4.8.1/../../../../avr/lib/avr5/libm.a(fixunssfsi.o)
                0x00006400                __fixunssfsi
 .text.avr-libc.fplib
                0x00006458       0x7a /usr/local/CrossPack-AVR-20131216/lib/gcc/avr/4.8.1/../../../../avr/lib/avr5/libm.a(floatsisf.o)
                0x00006458                __floatunsisf
                0x0000645c                __floatsisf
 .text.avr-libc.fplib
                0x000064d2       0x48 /usr/local/CrossPack-AVR-20131216/lib/gcc/avr/4.8.1/../../../../avr/lib/avr5/libm.a(fp_cmp.o)
                0x000064d2                __fp_cmp
 .text.avr-libc.fplib
                0x0000651a        0xc /usr/local/CrossPack-AVR-20131216/lib/gcc/avr/4.8.1/../../../../avr/lib/avr5/libm.a(fp_inf.o)
                0x0000651a                __fp_inf
 .text.avr-libc.fplib
                0x00006526        0x6 /usr/local/CrossPack-AVR-20131216/lib/gcc/avr/4.8.1/../../../../avr/lib/avr5/libm.a(fp_nan.o)
                0x00006526                __fp_nan
 .text.avr-libc.fplib
                0x0000652c       0x4a /usr/local/CrossPack-AVR-20131216/lib/gcc/avr/4.8.1/../../../../avr/lib/avr5/libm.a(fp_powser.o)
                0x0000652c                __fp_powser
 .text.avr-libc.fplib
                0x00006576        0xe /usr/local/CrossPack-AVR-20131216/lib/gcc/avr/4.8.1/../../../../avr/lib/avr5/libm.a(fp_pscA.o)
                0x00006576                __fp_pscA
 .text.avr-libc.fplib
                0x00006584        0xe /usr/local/CrossPack-AVR-20131216/lib/gcc/avr/4.8.1/../../../../avr/lib/avr5/libm.a(fp_pscB.o)
                0x00006584                __fp_pscB
 .text.avr-libc.fplib
                0x00006592       0x22 /usr/local/CrossPack-AVR-20131216/lib/gcc/avr/4.8.1/../../../../avr/lib/avr5/libm.a(fp_round.o)
                0x00006592                __fp_round
 .text.avr-libc.fplib
                0x000065b4       0x44 /usr/local/CrossPack-AVR-20131216/lib/gcc/avr/4.8.1/../../../../avr/lib/avr5/libm.a(fp_split3.o)
                0x000065b4                __fp_split3
                0x000065c4                __fp_splitA
 .text.avr-libc.fplib
                0x000065f8        0xe /usr/local/CrossPack-AVR-20131216/lib/gcc/avr/4.8.1/../../../../avr/lib/avr5/libm.a(fp_zero.o)
                0x000065f8                __fp_zero
                0x000065fa                __fp_szero
 .text.avr-libc.fplib
                0x00006606        0x8 /usr/local/CrossPack-AVR-20131216/lib/gcc/avr/4.8.1/../../../../avr/lib/avr5/libm.a(gesf2.o)
                0x00006606                __gtsf2
                0x00006606                __gesf2
 .text.avr-libc.fplib
                0x0000660e        0xe /usr/local/CrossPack-AVR-20131216/lib/gcc/avr/4.8.1/../../../../avr/lib/avr5/libm.a(inverse.o)
                0x0000660e                inverse
 .text.avr-libc.fplib
                0x0000661c        0x4 /usr/local/CrossPack-AVR-20131216/lib/gcc/avr/4.8.1/../../../../avr/lib/avr5/libm.a(mulsf3.o)
                0x0000661c                __mulsf3
 .text.avr-libc.fplib
                0x00006620       0xc2 /usr/local/CrossPack-AVR-20131216/lib/gcc/avr/4.8.1/../../../../avr/lib/avr5/libm.a(mulsf3x.o)
                0x00006634                __mulsf3x
                0x00006638                __mulsf3_pse
 .text.avr-libc.fplib
                0x000066e2        0xc /usr/local/CrossPack-AVR-20131216/lib/gcc/avr/4.8.1/../../../../avr/lib/avr5/libm.a(sin.o)
                0x000066e2                sin
 .text.avr-libc.fplib
                0x000066ee       0x84 /usr/local/CrossPack-AVR-20131216/lib/gcc/avr/4.8.1/../../../../avr/lib/avr5/libm.a(sqrt.o)
                0x000066f6                sqrt
 .text.avr-libc.fplib
                0x00006772        0x6 /usr/local/CrossPack-AVR-20131216/lib/gcc/avr/4.8.1/../../../../avr/lib/avr5/libm.a(square.o)
                0x00006772                square
 .text.avr-libc.fplib
                0x00006778       0x1c /usr/local/CrossPack-AVR-20131216/lib/gcc/avr/4.8.1/../../../../avr/lib/avr5/libm.a(fp_mpack.o)
                0x00006778                __fp_mpack
                0x0000677c                __fp_mpack_finite
 .text.avr-libc.fplib
                0x00006794        0xe /usr/local/CrossPack-AVR-20131216/lib/gcc/avr/4.8.1/../../../../avr/lib/avr5/libm.a(fp_norm2.o)
                0x00006794                __fp_norm2
 .text.avr-libc.fplib
                0x000067a2       0x50 /usr/local/CrossPack-AVR-20131216/lib/gcc/avr/4.8.1/../../../../avr/lib/avr5/libm.a(fp_rempio2.o)
                0x000067a4                __fp_rempio2
 .text.avr-libc.fplib
                0x000067f2       0x22 /usr/local/CrossPack-AVR-20131216/lib/gcc/avr/4.8.1/../../../../avr/lib/avr5/libm.a(fp_sinus.o)
                0x000067f2                __fp_sinus
 .text.avr-libc.fplib
                0x00006814       0x22 /usr/local/CrossPack-AVR-20131216/lib/gcc/avr/4.8.1/../../../../avr/lib/avr5/libm.a(fp_powsodd.o)
                0x00006814                __fp_powsodd
 .text.libgcc.mul
                0x00006836       0x20 /usr/local/CrossPack-AVR-20131216/lib/gcc/avr/4.8.1/avr5/libgcc.a(_mulsi3.o)
                0x00006836                __mulsi3
 .text.libgcc.div
                0x00006856        0x0 /usr/local/CrossPack-AVR-20131216/lib/gcc/avr/4.8.1/avr5/libgcc.a(_mulsi3.o)
 .text.libgcc   0x00006856        0x0 /usr/local/CrossPack-AVR-20131216/lib/gcc/avr/4.8.1/avr5/libgcc.a(_mulsi3.o)
 .text.libgcc.prologue
                0x00006856        0x0 /usr/local/CrossPack-AVR-20131216/lib/gcc/avr/4.8.1/avr5/libgcc.a(_mulsi3.o)
 .text.libgcc.builtins
                0x00006856        0x0 /usr/local/CrossPack-AVR-20131216/lib/gcc/avr/4.8.1/avr5/libgcc.a(_mulsi3.o)
 .text.libgcc.fmul
                0x00006856        0x0 /usr/local/CrossPack-AVR-20131216/lib/gcc/avr/4.8.1/avr5/libgcc.a(_mulsi3.o)
 .text.libgcc.fixed
                0x00006856        0x0 /usr/local/CrossPack-AVR-20131216/lib/gcc/avr/4.8.1/avr5/libgcc.a(_mulsi3.o)
 .text.libgcc.mul
                0x00006856        0x0 /usr/local/CrossPack-AVR-20131216/lib/gcc/avr/4.8.1/avr5/libgcc.a(_divmodhi4.o)
 .text.libgcc.div
                0x00006856       0x28 /usr/local/CrossPack-AVR-20131216/lib/gcc/avr/4.8.1/avr5/libgcc.a(_divmodhi4.o)
                0x00006856                __divmodhi4
                0x00006856                _div
 .text.libgcc   0x0000687e        0x0 /usr/local/CrossPack-AVR-20131216/lib/gcc/avr/4.8.1/avr5/libgcc.a(_divmodhi4.o)
 .text.libgcc.prologue
                0x0000687e        0x0 /usr/local/CrossPack-AVR-20131216/lib/gcc/avr/4.8.1/avr5/libgcc.a(_divmodhi4.o)
 .text.libgcc.builtins
                0x0000687e        0x0 /usr/local/CrossPack-AVR-20131216/lib/gcc/avr/4.8.1/avr5/libgcc.a(_divmodhi4.o)
 .text.libgcc.fmul
                0x0000687e        0x0 /usr/local/CrossPack-AVR-20131216/lib/gcc/avr/4.8.1/avr5/libgcc.a(_divmodhi4.o)
 .text.libgcc.fixed
                0x0000687e        0x0 /usr/local/CrossPack-AVR-20131216/lib/gcc/avr/4.8.1/avr5/libgcc.a(_divmodhi4.o)
 .text.libgcc.mul
                0x0000687e        0x0 /usr/local/CrossPack-AVR-20131216/lib/gcc/avr/4.8.1/avr5/libgcc.a(_divmodsi4.o)
 .text.libgcc.div
                0x0000687e       0x2e /usr/local/CrossPack-AVR-20131216/lib/gcc/avr/4.8.1/avr5/libgcc.a(_divmodsi4.o)
                0x0000687e                __divmodsi4
 .text.libgcc   0x000068ac        0x0 /usr/local/CrossPack-AVR-20131216/lib/gcc/avr/4.8.1/avr5/libgcc.a(_divmodsi4.o)
 .text.libgcc.prologue
                0x000068ac        0x0 /usr/local/CrossPack-AVR-20131216/lib/gcc/avr/4.8.1/avr5/libgcc.a(_divmodsi4.o)
 .text.libgcc.builtins
                0x000068ac        0x0 /usr/local/CrossPack-AVR-20131216/lib/gcc/avr/4.8.1/avr5/libgcc.a(_divmodsi4.o)
 .text.libgcc.fmul
                0x000068ac        0x0 /usr/local/CrossPack-AVR-20131216/lib/gcc/avr/4.8.1/avr5/libgcc.a(_divmodsi4.o)
 .text.libgcc.fixed
                0x000068ac        0x0 /usr/local/CrossPack-AVR-20131216/lib/gcc/avr/4.8.1/avr5/libgcc.a(_divmodsi4.o)
 .text.libgcc.mul
                0x000068ac        0x0 /usr/local/CrossPack-AVR-20131216/lib/gcc/avr/4.8.1/avr5/libgcc.a(_negsi2.o)
 .text.libgcc.div
                0x000068ac       0x10 /usr/local/CrossPack-AVR-20131216/lib/gcc/avr/4.8.1/avr5/libgcc.a(_negsi2.o)
                0x000068ac                __negsi2
 .text.libgcc   0x000068bc        0x0 /usr/local/CrossPack-AVR-20131216/lib/gcc/avr/4.8.1/avr5/libgcc.a(_negsi2.o)
 .text.libgcc.prologue
                0x000068bc        0x0 /usr/local/CrossPack-AVR-20131216/lib/gcc/avr/4.8.1/avr5/libgcc.a(_negsi2.o)
 .text.libgcc.builtins
                0x000068bc        0x0 /usr/local/CrossPack-AVR-20131216/lib/gcc/avr/4.8.1/avr5/libgcc.a(_negsi2.o)
 .text.libgcc.fmul
                0x000068bc        0x0 /usr/local/CrossPack-AVR-20131216/lib/gcc/avr/4.8.1/avr5/libgcc.a(_negsi2.o)
 .text.libgcc.fixed
                0x000068bc        0x0 /usr/local/CrossPack-AVR-20131216/lib/gcc/avr/4.8.1/avr5/libgcc.a(_negsi2.o)
 .text.libgcc.mul
                0x000068bc        0x0 /usr/local/CrossPack-AVR-20131216/lib/gcc/avr/4.8.1/avr5/libgcc.a(_exit.o)
 .text.libgcc.div
                0x000068bc        0x0 /usr/local/CrossPack-AVR-20131216/lib/gcc/avr/4.8.1/avr5/libgcc.a(_exit.o)
 .text.libgcc   0x000068bc        0x0 /usr/local/CrossPack-AVR-20131216/lib/gcc/avr/4.8.1/avr5/libgcc.a(_exit.o)
 .text.libgcc.prologue
                0x000068bc        0x0 /usr/local/CrossPack-AVR-20131216/lib/gcc/avr/4.8.1/avr5/libgcc.a(_exit.o)
 .text.libgcc.builtins
                0x000068bc        0x0 /usr/local/CrossPack-AVR-20131216/lib/gcc/avr/4.8.1/avr5/libgcc.a(_exit.o)
 .text.libgcc.fmul
                0x000068bc        0x0 /usr/local/CrossPack-AVR-20131216/lib/gcc/avr/4.8.1/avr5/libgcc.a(_exit.o)
 .text.libgcc.fixed
                0x000068bc        0x0 /usr/local/CrossPack-AVR-20131216/lib/gcc/avr/4.8.1/avr5/libgcc.a(_exit.o)
 .text.libgcc.mul
                0x000068bc        0x0 /usr/local/CrossPack-AVR-20131216/lib/gcc/avr/4.8.1/avr5/libgcc.a(_copy_data.o)
 .text.libgcc.div
                0x000068bc        0x0 /usr/local/CrossPack-AVR-20131216/lib/gcc/avr/4.8.1/avr5/libgcc.a(_copy_data.o)
 .text.libgcc   0x000068bc        0x0 /usr/local/CrossPack-AVR-20131216/lib/gcc/avr/4.8.1/avr5/libgcc.a(_copy_data.o)
 .text.libgcc.prologue
                0x000068bc        0x0 /usr/local/CrossPack-AVR-20131216/lib/gcc/avr/4.8.1/avr5/libgcc.a(_copy_data.o)
 .text.libgcc.builtins
                0x000068bc        0x0 /usr/local/CrossPack-AVR-20131216/lib/gcc/avr/4.8.1/avr5/libgcc.a(_copy_data.o)
 .text.libgcc.fmul
                0x000068bc        0x0 /usr/local/CrossPack-AVR-20131216/lib/gcc/avr/4.8.1/avr5/libgcc.a(_copy_data.o)
 .text.libgcc.fixed
                0x000068bc        0x0 /usr/local/CrossPack-AVR-20131216/lib/gcc/avr/4.8.1/avr5/libgcc.a(_copy_data.o)
 .text.libgcc.mul
                0x000068bc        0x0 /usr/local/CrossPack-AVR-20131216/lib/gcc/avr/4.8.1/avr5/libgcc.a(_clear_bss.o)
 .text.libgcc.div
                0x000068bc        0x0 /usr/local/CrossPack-AVR-20131216/lib/gcc/avr/4.8.1/avr5/libgcc.a(_clear_bss.o)
 .text.libgcc   0x000068bc        0x0 /usr/local/CrossPack-AVR-20131216/lib/gcc/avr/4.8.1/avr5/libgcc.a(_clear_bss.o)
 .text.libgcc.prologue
                0x000068bc        0x0 /usr/local/CrossPack-AVR-20131216/lib/gcc/avr/4.8.1/avr5/libgcc.a(_clear_bss.o)
 .text.libgcc.builtins
                0x000068bc        0x0 /usr/local/CrossPack-AVR-20131216/lib/gcc/avr/4.8.1/avr5/libgcc.a(_clear_bss.o)
 .text.libgcc.fmul
                0x000068bc        0x0 /usr/local/CrossPack-AVR-20131216/lib/gcc/avr/4.8.1/avr5/libgcc.a(_clear_bss.o)
 .text.libgcc.fixed
                0x000068bc        0x0 /usr/local/CrossPack-AVR-20131216/lib/gcc/avr/4.8.1/avr5/libgcc.a(_clear_bss.o)
 .text.libgcc.mul
                0x000068bc       0x16 /usr/local/CrossPack-AVR-20131216/lib/gcc/avr/4.8.1/avr5/libgcc.a(_muluhisi3.o)
                0x000068bc                __muluhisi3
 .text.libgcc.div
                0x000068d2        0x0 /usr/local/CrossPack-AVR-20131216/lib/gcc/avr/4.8.1/avr5/libgcc.a(_muluhisi3.o)
 .text.libgcc   0x000068d2        0x0 /usr/local/CrossPack-AVR-20131216/lib/gcc/avr/4.8.1/avr5/libgcc.a(_muluhisi3.o)
 .text.libgcc.prologue
                0x000068d2        0x0 /usr/local/CrossPack-AVR-20131216/lib/gcc/avr/4.8.1/avr5/libgcc.a(_muluhisi3.o)
 .text.libgcc.builtins
                0x000068d2        0x0 /usr/local/CrossPack-AVR-20131216/lib/gcc/avr/4.8.1/avr5/libgcc.a(_muluhisi3.o)
 .text.libgcc.fmul
                0x000068d2        0x0 /usr/local/CrossPack-AVR-20131216/lib/gcc/avr/4.8.1/avr5/libgcc.a(_muluhisi3.o)
 .text.libgcc.fixed
                0x000068d2        0x0 /usr/local/CrossPack-AVR-20131216/lib/gcc/avr/4.8.1/avr5/libgcc.a(_muluhisi3.o)
 .text.libgcc.mul
                0x000068d2       0x10 /usr/local/CrossPack-AVR-20131216/lib/gcc/avr/4.8.1/avr5/libgcc.a(_mulshisi3.o)
                0x000068d2                __mulshisi3
                0x000068d8                __mulohisi3
 .text.libgcc.div
                0x000068e2        0x0 /usr/local/CrossPack-AVR-20131216/lib/gcc/avr/4.8.1/avr5/libgcc.a(_mulshisi3.o)
 .text.libgcc   0x000068e2        0x0 /usr/local/CrossPack-AVR-20131216/lib/gcc/avr/4.8.1/avr5/libgcc.a(_mulshisi3.o)
 .text.libgcc.prologue
                0x000068e2        0x0 /usr/local/CrossPack-AVR-20131216/lib/gcc/avr/4.8.1/avr5/libgcc.a(_mulshisi3.o)
 .text.libgcc.builtins
                0x000068e2        0x0 /usr/local/CrossPack-AVR-20131216/lib/gcc/avr/4.8.1/avr5/libgcc.a(_mulshisi3.o)
 .text.libgcc.fmul
                0x000068e2        0x0 /usr/local/CrossPack-AVR-20131216/lib/gcc/avr/4.8.1/avr5/libgcc.a(_mulshisi3.o)
 .text.libgcc.fixed
                0x000068e2        0x0 /usr/local/CrossPack-AVR-20131216/lib/gcc/avr/4.8.1/avr5/libgcc.a(_mulshisi3.o)
 .text.libgcc.mul
                0x000068e2        0x0 /usr/local/CrossPack-AVR-20131216/lib/gcc/avr/4.8.1/avr5/libgcc.a(_prologue.o)
 .text.libgcc.div
                0x000068e2        0x0 /usr/local/CrossPack-AVR-20131216/lib/gcc/avr/4.8.1/avr5/libgcc.a(_prologue.o)
 .text.libgcc   0x000068e2        0x0 /usr/local/CrossPack-AVR-20131216/lib/gcc/avr/4.8.1/avr5/libgcc.a(_prologue.o)
 .text.libgcc.prologue
                0x000068e2       0x38 /usr/local/CrossPack-AVR-20131216/lib/gcc/avr/4.8.1/avr5/libgcc.a(_prologue.o)
                0x000068e2                __prologue_saves__
 .text.libgcc.builtins
                0x0000691a        0x0 /usr/local/CrossPack-AVR-20131216/lib/gcc/avr/4.8.1/avr5/libgcc.a(_prologue.o)
 .text.libgcc.fmul
                0x0000691a        0x0 /usr/local/CrossPack-AVR-20131216/lib/gcc/avr/4.8.1/avr5/libgcc.a(_prologue.o)
 .text.libgcc.fixed
                0x0000691a        0x0 /usr/local/CrossPack-AVR-20131216/lib/gcc/avr/4.8.1/avr5/libgcc.a(_prologue.o)
 .text.libgcc.mul
                0x0000691a        0x0 /usr/local/CrossPack-AVR-20131216/lib/gcc/avr/4.8.1/avr5/libgcc.a(_epilogue.o)
 .text.libgcc.div
                0x0000691a        0x0 /usr/local/CrossPack-AVR-20131216/lib/gcc/avr/4.8.1/avr5/libgcc.a(_epilogue.o)
 .text.libgcc   0x0000691a        0x0 /usr/local/CrossPack-AVR-20131216/lib/gcc/avr/4.8.1/avr5/libgcc.a(_epilogue.o)
 .text.libgcc.prologue
                0x0000691a       0x36 /usr/local/CrossPack-AVR-20131216/lib/gcc/avr/4.8.1/avr5/libgcc.a(_epilogue.o)
                0x0000691a                __epilogue_restores__
 .text.libgcc.builtins
                0x00006950        0x0 /usr/local/CrossPack-AVR-20131216/lib/gcc/avr/4.8.1/avr5/libgcc.a(_epilogue.o)
 .text.libgcc.fmul
                0x00006950        0x0 /usr/local/CrossPack-AVR-20131216/lib/gcc/avr/4.8.1/avr5/libgcc.a(_epilogue.o)
 .text.libgcc.fixed
                0x00006950        0x0 /usr/local/CrossPack-AVR-20131216/lib/gcc/avr/4.8.1/avr5/libgcc.a(_epilogue.o)
 .text.libgcc.mul
                0x00006950        0x0 /usr/local/CrossPack-AVR-20131216/lib/gcc/avr/4.8.1/avr5/libgcc.a(_udivmodhi4.o)
 .text.libgcc.div
                0x00006950       0x28 /usr/local/CrossPack-AVR-20131216/lib/gcc/avr/4.8.1/avr5/libgcc.a(_udivmodhi4.o)
                0x00006950                __udivmodhi4
 .text.libgcc   0x00006978        0x0 /usr/local/CrossPack-AVR-20131216/lib/gcc/avr/4.8.1/avr5/libgcc.a(_udivmodhi4.o)
 .text.libgcc.prologue
                0x00006978        0x0 /usr/local/CrossPack-AVR-20131216/lib/gcc/avr/4.8.1/avr5/libgcc.a(_udivmodhi4.o)
 .text.libgcc.builtins
                0x00006978        0x0 /usr/local/CrossPack-AVR-20131216/lib/gcc/avr/4.8.1/avr5/libgcc.a(_udivmodhi4.o)
 .text.libgcc.fmul
                0x00006978        0x0 /usr/local/CrossPack-AVR-20131216/lib/gcc/avr/4.8.1/avr5/libgcc.a(_udivmodhi4.o)
 .text.libgcc.fixed
                0x00006978        0x0 /usr/local/CrossPack-AVR-20131216/lib/gcc/avr/4.8.1/avr5/libgcc.a(_udivmodhi4.o)
 .text.libgcc.mul
                0x00006978        0x0 /usr/local/CrossPack-AVR-20131216/lib/gcc/avr/4.8.1/avr5/libgcc.a(_udivmodsi4.o)
 .text.libgcc.div
                0x00006978       0x44 /usr/local/CrossPack-AVR-20131216/lib/gcc/avr/4.8.1/avr5/libgcc.a(_udivmodsi4.o)
                0x00006978                __udivmodsi4
 .text.libgcc   0x000069bc        0x0 /usr/local/CrossPack-AVR-20131216/lib/gcc/avr/4.8.1/avr5/libgcc.a(_udivmodsi4.o)
 .text.libgcc.prologue
                0x000069bc        0x0 /usr/local/CrossPack-AVR-20131216/lib/gcc/avr/4.8.1/avr5/libgcc.a(_udivmodsi4.o)
 .text.libgcc.builtins
                0x000069bc        0x0 /usr/local/CrossPack-AVR-20131216/lib/gcc/avr/4.8.1/avr5/libgcc.a(_udivmodsi4.o)
 .text.libgcc.fmul
                0x000069bc        0x0 /usr/local/CrossPack-AVR-20131216/lib/gcc/avr/4.8.1/avr5/libgcc.a(_udivmodsi4.o)
 .text.libgcc.fixed
                0x000069bc        0x0 /usr/local/CrossPack-AVR-20131216/lib/gcc/avr/4.8.1/avr5/libgcc.a(_udivmodsi4.o)
 .text.libgcc.mul
                0x000069bc       0x1e /usr/local/CrossPack-AVR-20131216/lib/gcc/avr/4.8.1/avr5/libgcc.a(_umulhisi3.o)
                0x000069bc                __umulhisi3
 .text.libgcc.div
                0x000069da        0x0 /usr/local/CrossPack-AVR-20131216/lib/gcc/avr/4.8.1/avr5/libgcc.a(_umulhisi3.o)
 .text.libgcc   0x000069da        0x0 /usr/local/CrossPack-AVR-20131216/lib/gcc/avr/4.8.1/avr5/libgcc.a(_umulhisi3.o)
 .text.libgcc.prologue
                0x000069da        0x0 /usr/local/CrossPack-AVR-20131216/lib/gcc/avr/4.8.1/avr5/libgcc.a(_umulhisi3.o)
 .text.libgcc.builtins
                0x000069da        0x0 /usr/local/CrossPack-AVR-20131216/lib/gcc/avr/4.8.1/avr5/libgcc.a(_umulhisi3.o)
 .text.libgcc.fmul
                0x000069da        0x0 /usr/local/CrossPack-AVR-20131216/lib/gcc/avr/4.8.1/avr5/libgcc.a(_umulhisi3.o)
 .text.libgcc.fixed
                0x000069da        0x0 /usr/local/CrossPack-AVR-20131216/lib/gcc/avr/4.8.1/avr5/libgcc.a(_umulhisi3.o)
 .text.avr-libc
                0x000069da      0x1b0 /usr/local/CrossPack-AVR-20131216/lib/gcc/avr/4.8.1/../../../../avr/lib/avr5/libc.a(ftoa_engine.o)
                0x000069da                __ftoa_engine
 .text.avr-libc
                0x00006b8a       0x16 /usr/local/CrossPack-AVR-20131216/lib/gcc/avr/4.8.1/../../../../avr/lib/avr5/libc.a(strnlen_P.o)
                0x00006b8a                strnlen_P
 .text.avr-libc
                0x00006ba0       0x16 /usr/local/CrossPack-AVR-20131216/lib/gcc/avr/4.8.1/../../../../avr/lib/avr5/libc.a(strnlen.o)
                0x00006ba0                strnlen
 .text.avr-libc
                0x00006bb6       0x96 /usr/local/CrossPack-AVR-20131216/lib/gcc/avr/4.8.1/../../../../avr/lib/avr5/libc.a(fdevopen.o)
                0x00006bb6                fdevopen
 .text.avr-libc
                0x00006c4c       0x64 /usr/local/CrossPack-AVR-20131216/lib/gcc/avr/4.8.1/../../../../avr/lib/avr5/libc.a(fputc.o)
                0x00006c4c                fputc
 .text.avr-libc
                0x00006cb0       0x1e /usr/local/CrossPack-AVR-20131216/lib/gcc/avr/4.8.1/../../../../avr/lib/avr5/libc.a(vfprintf_p.o)
                0x00006cb0                vfprintf_P
 .text.avr-libc
                0x00006cce       0xbc /usr/local/CrossPack-AVR-20131216/lib/gcc/avr/4.8.1/../../../../avr/lib/avr5/libc.a(ultoa_invert.o)
                0x00006cce                __ultoa_invert
 .text.avr-libc
                0x00006d8a       0x10 /usr/local/CrossPack-AVR-20131216/lib/gcc/avr/4.8.1/../../../../avr/lib/avr5/libc.a(eerd_byte_atmega328p.o)
                0x00006d8a                __eerd_byte_m328p
 .text.avr-libc
                0x00006d9a       0x1c /usr/local/CrossPack-AVR-20131216/lib/gcc/avr/4.8.1/../../../../avr/lib/avr5/libc.a(eewr_byte_atmega328p.o)
                0x00006d9a                __eewr_byte_m328p
                0x00006d9c                __eewr_r18_m328p
 .text.avr-libc
                0x00006db6       0x38 /usr/local/CrossPack-AVR-20131216/lib/gcc/avr/4.8.1/../../../../avr/lib/avr5/libc.a(calloc.o)
                0x00006db6                calloc
 .text.avr-libc
                0x00006dee      0x24e /usr/local/CrossPack-AVR-20131216/lib/gcc/avr/4.8.1/../../../../avr/lib/avr5/libc.a(malloc.o)
                0x00006dee                malloc
                0x00006f1e                free
 .text.avr-libc
                0x0000703c        0xe /usr/local/CrossPack-AVR-20131216/lib/gcc/avr/4.8.1/../../../../avr/lib/avr5/libc.a(memset.o)
                0x0000703c                memset
                0x0000704a                . = ALIGN (0x2)
 *(.fini9)
 .fini9         0x0000704a        0x0 /usr/local/CrossPack-AVR-20131216/lib/gcc/avr/4.8.1/avr5/libgcc.a(_exit.o)
                0x0000704a                exit
                0x0000704a                _exit
 *(.fini9)
 *(.fini8)
 *(.fini8)
 *(.fini7)
 *(.fini7)
 *(.fini6)
 *(.fini6)
 *(.fini5)
 *(.fini5)
 *(.fini4)
 *(.fini4)
 *(.fini3)
 *(.fini3)
 *(.fini2)
 *(.fini2)
 *(.fini1)
 *(.fini1)
 *(.fini0)
 .fini0         0x0000704a        0x4 /usr/local/CrossPack-AVR-20131216/lib/gcc/avr/4.8.1/avr5/libgcc.a(_exit.o)
 *(.fini0)
                0x0000704e                _etext = .

.data           0x00800100       0x48 load address 0x0000704e
                0x00800100                PROVIDE (__data_start, .)
 *(.data)
 .data          0x00800100        0x0 /usr/local/CrossPack-AVR-20131216/lib/gcc/avr/4.8.1/../../../../avr/lib/avr5/crtm328p.o
 .data          0x00800100        0x0 ./util/clock.o
 .data          0x00800100        0x0 ./util/config.o
 .data          0x00800100        0x0 ./util/log.o
 .data          0x00800100        0x0 ./pwm/pwm.o
 .data          0x00800100        0x0 ./pwm/soft_pwm.o
 .data          0x00800100        0x0 ./math/fast_math.o
 .data          0x00800100        0x0 ./imu/gyro.o
 .data          0x00800100        0x0 ./imu/imu.o
 .data          0x00800100        0x0 ./imu/mpu6050.o
 .data          0x00800100        0x0 ./i2c/twi/twi.o
 .data          0x00800100        0x0 ./i2c/i2c.o
 .data          0x00800100        0x0 ./i2c/i2c_driver.o
 .data          0x00800100        0x0 ./gimbal/gimbal.o
 .data          0x00800100        0x0 ./eeprom/eeprom.o
 .data          0x00800100        0x0 ./blc/blc.o
 .data          0x00800100        0x0 ./adc/adc.o
 .data          0x00800100        0x0 ./main.o
 .data          0x00800100        0x0 /usr/local/CrossPack-AVR-20131216/lib/gcc/avr/4.8.1/../../../../avr/lib/avr5/libprintf_flt.a(vfprintf_flt.o)
 .data          0x00800100        0x0 /usr/local/CrossPack-AVR-20131216/lib/gcc/avr/4.8.1/../../../../avr/lib/avr5/libm.a(addsf3.o)
 .data          0x00800100        0x0 /usr/local/CrossPack-AVR-20131216/lib/gcc/avr/4.8.1/../../../../avr/lib/avr5/libm.a(addsf3x.o)
 .data          0x00800100        0x0 /usr/local/CrossPack-AVR-20131216/lib/gcc/avr/4.8.1/../../../../avr/lib/avr5/libm.a(atan2.o)
 .data          0x00800100        0x0 /usr/local/CrossPack-AVR-20131216/lib/gcc/avr/4.8.1/../../../../avr/lib/avr5/libm.a(atan.o)
 .data          0x00800100        0x0 /usr/local/CrossPack-AVR-20131216/lib/gcc/avr/4.8.1/../../../../avr/lib/avr5/libm.a(cmpsf2.o)
 .data          0x00800100        0x0 /usr/local/CrossPack-AVR-20131216/lib/gcc/avr/4.8.1/../../../../avr/lib/avr5/libm.a(divsf3.o)
 .data          0x00800100        0x0 /usr/local/CrossPack-AVR-20131216/lib/gcc/avr/4.8.1/../../../../avr/lib/avr5/libm.a(divsf3x.o)
 .data          0x00800100        0x0 /usr/local/CrossPack-AVR-20131216/lib/gcc/avr/4.8.1/../../../../avr/lib/avr5/libm.a(fixsfsi.o)
 .data          0x00800100        0x0 /usr/local/CrossPack-AVR-20131216/lib/gcc/avr/4.8.1/../../../../avr/lib/avr5/libm.a(fixunssfsi.o)
 .data          0x00800100        0x0 /usr/local/CrossPack-AVR-20131216/lib/gcc/avr/4.8.1/../../../../avr/lib/avr5/libm.a(floatsisf.o)
 .data          0x00800100        0x0 /usr/local/CrossPack-AVR-20131216/lib/gcc/avr/4.8.1/../../../../avr/lib/avr5/libm.a(fp_cmp.o)
 .data          0x00800100        0x0 /usr/local/CrossPack-AVR-20131216/lib/gcc/avr/4.8.1/../../../../avr/lib/avr5/libm.a(fp_inf.o)
 .data          0x00800100        0x0 /usr/local/CrossPack-AVR-20131216/lib/gcc/avr/4.8.1/../../../../avr/lib/avr5/libm.a(fp_nan.o)
 .data          0x00800100        0x0 /usr/local/CrossPack-AVR-20131216/lib/gcc/avr/4.8.1/../../../../avr/lib/avr5/libm.a(fp_powser.o)
 .data          0x00800100        0x0 /usr/local/CrossPack-AVR-20131216/lib/gcc/avr/4.8.1/../../../../avr/lib/avr5/libm.a(fp_pscA.o)
 .data          0x00800100        0x0 /usr/local/CrossPack-AVR-20131216/lib/gcc/avr/4.8.1/../../../../avr/lib/avr5/libm.a(fp_pscB.o)
 .data          0x00800100        0x0 /usr/local/CrossPack-AVR-20131216/lib/gcc/avr/4.8.1/../../../../avr/lib/avr5/libm.a(fp_round.o)
 .data          0x00800100        0x0 /usr/local/CrossPack-AVR-20131216/lib/gcc/avr/4.8.1/../../../../avr/lib/avr5/libm.a(fp_split3.o)
 .data          0x00800100        0x0 /usr/local/CrossPack-AVR-20131216/lib/gcc/avr/4.8.1/../../../../avr/lib/avr5/libm.a(fp_zero.o)
 .data          0x00800100        0x0 /usr/local/CrossPack-AVR-20131216/lib/gcc/avr/4.8.1/../../../../avr/lib/avr5/libm.a(gesf2.o)
 .data          0x00800100        0x0 /usr/local/CrossPack-AVR-20131216/lib/gcc/avr/4.8.1/../../../../avr/lib/avr5/libm.a(inverse.o)
 .data          0x00800100        0x0 /usr/local/CrossPack-AVR-20131216/lib/gcc/avr/4.8.1/../../../../avr/lib/avr5/libm.a(mulsf3.o)
 .data          0x00800100        0x0 /usr/local/CrossPack-AVR-20131216/lib/gcc/avr/4.8.1/../../../../avr/lib/avr5/libm.a(mulsf3x.o)
 .data          0x00800100        0x0 /usr/local/CrossPack-AVR-20131216/lib/gcc/avr/4.8.1/../../../../avr/lib/avr5/libm.a(sin.o)
 .data          0x00800100        0x0 /usr/local/CrossPack-AVR-20131216/lib/gcc/avr/4.8.1/../../../../avr/lib/avr5/libm.a(sqrt.o)
 .data          0x00800100        0x0 /usr/local/CrossPack-AVR-20131216/lib/gcc/avr/4.8.1/../../../../avr/lib/avr5/libm.a(square.o)
 .data          0x00800100        0x0 /usr/local/CrossPack-AVR-20131216/lib/gcc/avr/4.8.1/../../../../avr/lib/avr5/libm.a(fp_mpack.o)
 .data          0x00800100        0x0 /usr/local/CrossPack-AVR-20131216/lib/gcc/avr/4.8.1/../../../../avr/lib/avr5/libm.a(fp_norm2.o)
 .data          0x00800100        0x0 /usr/local/CrossPack-AVR-20131216/lib/gcc/avr/4.8.1/../../../../avr/lib/avr5/libm.a(fp_rempio2.o)
 .data          0x00800100        0x0 /usr/local/CrossPack-AVR-20131216/lib/gcc/avr/4.8.1/../../../../avr/lib/avr5/libm.a(fp_sinus.o)
 .data          0x00800100        0x0 /usr/local/CrossPack-AVR-20131216/lib/gcc/avr/4.8.1/../../../../avr/lib/avr5/libm.a(fp_powsodd.o)
 .data          0x00800100        0x0 /usr/local/CrossPack-AVR-20131216/lib/gcc/avr/4.8.1/avr5/libgcc.a(_mulsi3.o)
 .data          0x00800100        0x0 /usr/local/CrossPack-AVR-20131216/lib/gcc/avr/4.8.1/avr5/libgcc.a(_divmodhi4.o)
 .data          0x00800100        0x0 /usr/local/CrossPack-AVR-20131216/lib/gcc/avr/4.8.1/avr5/libgcc.a(_divmodsi4.o)
 .data          0x00800100        0x0 /usr/local/CrossPack-AVR-20131216/lib/gcc/avr/4.8.1/avr5/libgcc.a(_negsi2.o)
 .data          0x00800100        0x0 /usr/local/CrossPack-AVR-20131216/lib/gcc/avr/4.8.1/avr5/libgcc.a(_exit.o)
 .data          0x00800100        0x0 /usr/local/CrossPack-AVR-20131216/lib/gcc/avr/4.8.1/avr5/libgcc.a(_copy_data.o)
 .data          0x00800100        0x0 /usr/local/CrossPack-AVR-20131216/lib/gcc/avr/4.8.1/avr5/libgcc.a(_clear_bss.o)
 .data          0x00800100        0x0 /usr/local/CrossPack-AVR-20131216/lib/gcc/avr/4.8.1/avr5/libgcc.a(_muluhisi3.o)
 .data          0x00800100        0x0 /usr/local/CrossPack-AVR-20131216/lib/gcc/avr/4.8.1/avr5/libgcc.a(_mulshisi3.o)
 .data          0x00800100        0x0 /usr/local/CrossPack-AVR-20131216/lib/gcc/avr/4.8.1/avr5/libgcc.a(_prologue.o)
 .data          0x00800100        0x0 /usr/local/CrossPack-AVR-20131216/lib/gcc/avr/4.8.1/avr5/libgcc.a(_epilogue.o)
 .data          0x00800100        0x0 /usr/local/CrossPack-AVR-20131216/lib/gcc/avr/4.8.1/avr5/libgcc.a(_udivmodhi4.o)
 .data          0x00800100        0x0 /usr/local/CrossPack-AVR-20131216/lib/gcc/avr/4.8.1/avr5/libgcc.a(_udivmodsi4.o)
 .data          0x00800100        0x0 /usr/local/CrossPack-AVR-20131216/lib/gcc/avr/4.8.1/avr5/libgcc.a(_umulhisi3.o)
 .data          0x00800100        0x0 /usr/local/CrossPack-AVR-20131216/lib/gcc/avr/4.8.1/../../../../avr/lib/avr5/libc.a(ftoa_engine.o)
 .data          0x00800100        0x0 /usr/local/CrossPack-AVR-20131216/lib/gcc/avr/4.8.1/../../../../avr/lib/avr5/libc.a(strnlen_P.o)
 .data          0x00800100        0x0 /usr/local/CrossPack-AVR-20131216/lib/gcc/avr/4.8.1/../../../../avr/lib/avr5/libc.a(strnlen.o)
 .data          0x00800100        0x0 /usr/local/CrossPack-AVR-20131216/lib/gcc/avr/4.8.1/../../../../avr/lib/avr5/libc.a(fdevopen.o)
 .data          0x00800100        0x0 /usr/local/CrossPack-AVR-20131216/lib/gcc/avr/4.8.1/../../../../avr/lib/avr5/libc.a(fputc.o)
 .data          0x00800100        0x0 /usr/local/CrossPack-AVR-20131216/lib/gcc/avr/4.8.1/../../../../avr/lib/avr5/libc.a(iob.o)
 .data          0x00800100        0x0 /usr/local/CrossPack-AVR-20131216/lib/gcc/avr/4.8.1/../../../../avr/lib/avr5/libc.a(vfprintf_p.o)
 .data          0x00800100        0x0 /usr/local/CrossPack-AVR-20131216/lib/gcc/avr/4.8.1/../../../../avr/lib/avr5/libc.a(ultoa_invert.o)
 .data          0x00800100        0x0 /usr/local/CrossPack-AVR-20131216/lib/gcc/avr/4.8.1/../../../../avr/lib/avr5/libc.a(eerd_byte_atmega328p.o)
 .data          0x00800100        0x0 /usr/local/CrossPack-AVR-20131216/lib/gcc/avr/4.8.1/../../../../avr/lib/avr5/libc.a(eewr_byte_atmega328p.o)
 .data          0x00800100        0x0 /usr/local/CrossPack-AVR-20131216/lib/gcc/avr/4.8.1/../../../../avr/lib/avr5/libc.a(calloc.o)
 .data          0x00800100        0x6 /usr/local/CrossPack-AVR-20131216/lib/gcc/avr/4.8.1/../../../../avr/lib/avr5/libc.a(malloc.o)
                0x00800100                __malloc_heap_end
                0x00800102                __malloc_heap_start
                0x00800104                __malloc_margin
 .data          0x00800106        0x0 /usr/local/CrossPack-AVR-20131216/lib/gcc/avr/4.8.1/../../../../avr/lib/avr5/libc.a(memset.o)
 *(.data*)
 .data.duty_cycle_channel5
                0x00800106        0x1 ./pwm/pwm.o
 .data.duty_cycle_channel4
                0x00800107        0x1 ./pwm/pwm.o
 .data.duty_cycle_channel3
                0x00800108        0x1 ./pwm/pwm.o
 .data.duty_cycle_channel2
                0x00800109        0x1 ./pwm/pwm.o
 .data.duty_cycle_channel1
                0x0080010a        0x1 ./pwm/pwm.o
 .data.duty_cycle_channel0
                0x0080010b        0x1 ./pwm/pwm.o
 .data.motor3   0x0080010c        0x1 ./pwm/soft_pwm.o
                0x0080010c                motor3
 .data.motor2   0x0080010d        0x1 ./pwm/soft_pwm.o
                0x0080010d                motor2
 .data.motor1   0x0080010e        0x1 ./pwm/soft_pwm.o
                0x0080010e                motor1
 .data.motor0   0x0080010f        0x1 ./pwm/soft_pwm.o
                0x0080010f                motor0
 .data.pwm_to_motor
                0x00800110        0x1 ./pwm/soft_pwm.o
                0x00800110                pwm_to_motor
 .data.sensor_def
                0x00800111       0x12 ./imu/gyro.o
                0x00800111                sensor_def
 .data.acc_25deg
                0x00800123        0x2 ./imu/imu.o
                0x00800123                acc_25deg
 .data.imu_address
                0x00800125        0x1 ./imu/imu.o
                0x00800125                imu_address
 .data.readTimeout
                0x00800126        0x2 ./i2c/i2c_driver.o
                0x00800126                readTimeout
 .data.g_sensitivity
                0x00800128        0x4 ./gimbal/gimbal.o
                0x00800128                g_sensitivity
 .data.q        0x0080012c       0x10 ./gimbal/gimbal.o
                0x0080012c                q
 .data.MagRate  0x0080013c        0x1 ./gimbal/gimbal.o
                0x0080013c                MagRate
 .data.gimbal_state
                0x0080013d        0x1 ./gimbal/gimbal.o
                0x0080013d                gimbal_state
 .data.motor_channel_map
                0x0080013e        0x6 ./blc/blc.o
                0x0080013e                motor_channel_map
 *(.rodata)
 *(.rodata*)
 .rodata.alpha  0x00800144        0x4 ./gimbal/gimbal.o
                0x00800144                alpha
 *(.gnu.linkonce.d*)
                0x00800148                . = ALIGN (0x2)
                0x00800148                _edata = .
                0x00800148                PROVIDE (__data_end, .)

.bss            0x00800148      0x31d
                0x00800148                PROVIDE (__bss_start, .)
 *(.bss)
 .bss           0x00800148        0x0 /usr/local/CrossPack-AVR-20131216/lib/gcc/avr/4.8.1/../../../../avr/lib/avr5/crtm328p.o
 .bss           0x00800148        0x0 ./util/clock.o
 .bss           0x00800148        0x0 ./util/config.o
 .bss           0x00800148        0x0 ./util/log.o
 .bss           0x00800148        0x0 ./pwm/pwm.o
 .bss           0x00800148        0x0 ./pwm/soft_pwm.o
 .bss           0x00800148        0x0 ./math/fast_math.o
 .bss           0x00800148        0x0 ./imu/gyro.o
 .bss           0x00800148        0x0 ./imu/imu.o
 .bss           0x00800148        0x0 ./imu/mpu6050.o
 .bss           0x00800148        0x0 ./i2c/twi/twi.o
 .bss           0x00800148        0x0 ./i2c/i2c.o
 .bss           0x00800148        0x0 ./i2c/i2c_driver.o
 .bss           0x00800148        0x0 ./gimbal/gimbal.o
 .bss           0x00800148        0x0 ./eeprom/eeprom.o
 .bss           0x00800148        0x0 ./blc/blc.o
 .bss           0x00800148        0x0 ./adc/adc.o
 .bss           0x00800148        0x0 ./main.o
 .bss           0x00800148        0x0 /usr/local/CrossPack-AVR-20131216/lib/gcc/avr/4.8.1/../../../../avr/lib/avr5/libprintf_flt.a(vfprintf_flt.o)
 .bss           0x00800148        0x0 /usr/local/CrossPack-AVR-20131216/lib/gcc/avr/4.8.1/../../../../avr/lib/avr5/libm.a(addsf3.o)
 .bss           0x00800148        0x0 /usr/local/CrossPack-AVR-20131216/lib/gcc/avr/4.8.1/../../../../avr/lib/avr5/libm.a(addsf3x.o)
 .bss           0x00800148        0x0 /usr/local/CrossPack-AVR-20131216/lib/gcc/avr/4.8.1/../../../../avr/lib/avr5/libm.a(atan2.o)
 .bss           0x00800148        0x0 /usr/local/CrossPack-AVR-20131216/lib/gcc/avr/4.8.1/../../../../avr/lib/avr5/libm.a(atan.o)
 .bss           0x00800148        0x0 /usr/local/CrossPack-AVR-20131216/lib/gcc/avr/4.8.1/../../../../avr/lib/avr5/libm.a(cmpsf2.o)
 .bss           0x00800148        0x0 /usr/local/CrossPack-AVR-20131216/lib/gcc/avr/4.8.1/../../../../avr/lib/avr5/libm.a(divsf3.o)
 .bss           0x00800148        0x0 /usr/local/CrossPack-AVR-20131216/lib/gcc/avr/4.8.1/../../../../avr/lib/avr5/libm.a(divsf3x.o)
 .bss           0x00800148        0x0 /usr/local/CrossPack-AVR-20131216/lib/gcc/avr/4.8.1/../../../../avr/lib/avr5/libm.a(fixsfsi.o)
 .bss           0x00800148        0x0 /usr/local/CrossPack-AVR-20131216/lib/gcc/avr/4.8.1/../../../../avr/lib/avr5/libm.a(fixunssfsi.o)
 .bss           0x00800148        0x0 /usr/local/CrossPack-AVR-20131216/lib/gcc/avr/4.8.1/../../../../avr/lib/avr5/libm.a(floatsisf.o)
 .bss           0x00800148        0x0 /usr/local/CrossPack-AVR-20131216/lib/gcc/avr/4.8.1/../../../../avr/lib/avr5/libm.a(fp_cmp.o)
 .bss           0x00800148        0x0 /usr/local/CrossPack-AVR-20131216/lib/gcc/avr/4.8.1/../../../../avr/lib/avr5/libm.a(fp_inf.o)
 .bss           0x00800148        0x0 /usr/local/CrossPack-AVR-20131216/lib/gcc/avr/4.8.1/../../../../avr/lib/avr5/libm.a(fp_nan.o)
 .bss           0x00800148        0x0 /usr/local/CrossPack-AVR-20131216/lib/gcc/avr/4.8.1/../../../../avr/lib/avr5/libm.a(fp_powser.o)
 .bss           0x00800148        0x0 /usr/local/CrossPack-AVR-20131216/lib/gcc/avr/4.8.1/../../../../avr/lib/avr5/libm.a(fp_pscA.o)
 .bss           0x00800148        0x0 /usr/local/CrossPack-AVR-20131216/lib/gcc/avr/4.8.1/../../../../avr/lib/avr5/libm.a(fp_pscB.o)
 .bss           0x00800148        0x0 /usr/local/CrossPack-AVR-20131216/lib/gcc/avr/4.8.1/../../../../avr/lib/avr5/libm.a(fp_round.o)
 .bss           0x00800148        0x0 /usr/local/CrossPack-AVR-20131216/lib/gcc/avr/4.8.1/../../../../avr/lib/avr5/libm.a(fp_split3.o)
 .bss           0x00800148        0x0 /usr/local/CrossPack-AVR-20131216/lib/gcc/avr/4.8.1/../../../../avr/lib/avr5/libm.a(fp_zero.o)
 .bss           0x00800148        0x0 /usr/local/CrossPack-AVR-20131216/lib/gcc/avr/4.8.1/../../../../avr/lib/avr5/libm.a(gesf2.o)
 .bss           0x00800148        0x0 /usr/local/CrossPack-AVR-20131216/lib/gcc/avr/4.8.1/../../../../avr/lib/avr5/libm.a(inverse.o)
 .bss           0x00800148        0x0 /usr/local/CrossPack-AVR-20131216/lib/gcc/avr/4.8.1/../../../../avr/lib/avr5/libm.a(mulsf3.o)
 .bss           0x00800148        0x0 /usr/local/CrossPack-AVR-20131216/lib/gcc/avr/4.8.1/../../../../avr/lib/avr5/libm.a(mulsf3x.o)
 .bss           0x00800148        0x0 /usr/local/CrossPack-AVR-20131216/lib/gcc/avr/4.8.1/../../../../avr/lib/avr5/libm.a(sin.o)
 .bss           0x00800148        0x0 /usr/local/CrossPack-AVR-20131216/lib/gcc/avr/4.8.1/../../../../avr/lib/avr5/libm.a(sqrt.o)
 .bss           0x00800148        0x0 /usr/local/CrossPack-AVR-20131216/lib/gcc/avr/4.8.1/../../../../avr/lib/avr5/libm.a(square.o)
 .bss           0x00800148        0x0 /usr/local/CrossPack-AVR-20131216/lib/gcc/avr/4.8.1/../../../../avr/lib/avr5/libm.a(fp_mpack.o)
 .bss           0x00800148        0x0 /usr/local/CrossPack-AVR-20131216/lib/gcc/avr/4.8.1/../../../../avr/lib/avr5/libm.a(fp_norm2.o)
 .bss           0x00800148        0x0 /usr/local/CrossPack-AVR-20131216/lib/gcc/avr/4.8.1/../../../../avr/lib/avr5/libm.a(fp_rempio2.o)
 .bss           0x00800148        0x0 /usr/local/CrossPack-AVR-20131216/lib/gcc/avr/4.8.1/../../../../avr/lib/avr5/libm.a(fp_sinus.o)
 .bss           0x00800148        0x0 /usr/local/CrossPack-AVR-20131216/lib/gcc/avr/4.8.1/../../../../avr/lib/avr5/libm.a(fp_powsodd.o)
 .bss           0x00800148        0x0 /usr/local/CrossPack-AVR-20131216/lib/gcc/avr/4.8.1/avr5/libgcc.a(_mulsi3.o)
 .bss           0x00800148        0x0 /usr/local/CrossPack-AVR-20131216/lib/gcc/avr/4.8.1/avr5/libgcc.a(_divmodhi4.o)
 .bss           0x00800148        0x0 /usr/local/CrossPack-AVR-20131216/lib/gcc/avr/4.8.1/avr5/libgcc.a(_divmodsi4.o)
 .bss           0x00800148        0x0 /usr/local/CrossPack-AVR-20131216/lib/gcc/avr/4.8.1/avr5/libgcc.a(_negsi2.o)
 .bss           0x00800148        0x0 /usr/local/CrossPack-AVR-20131216/lib/gcc/avr/4.8.1/avr5/libgcc.a(_exit.o)
 .bss           0x00800148        0x0 /usr/local/CrossPack-AVR-20131216/lib/gcc/avr/4.8.1/avr5/libgcc.a(_copy_data.o)
 .bss           0x00800148        0x0 /usr/local/CrossPack-AVR-20131216/lib/gcc/avr/4.8.1/avr5/libgcc.a(_clear_bss.o)
 .bss           0x00800148        0x0 /usr/local/CrossPack-AVR-20131216/lib/gcc/avr/4.8.1/avr5/libgcc.a(_muluhisi3.o)
 .bss           0x00800148        0x0 /usr/local/CrossPack-AVR-20131216/lib/gcc/avr/4.8.1/avr5/libgcc.a(_mulshisi3.o)
 .bss           0x00800148        0x0 /usr/local/CrossPack-AVR-20131216/lib/gcc/avr/4.8.1/avr5/libgcc.a(_prologue.o)
 .bss           0x00800148        0x0 /usr/local/CrossPack-AVR-20131216/lib/gcc/avr/4.8.1/avr5/libgcc.a(_epilogue.o)
 .bss           0x00800148        0x0 /usr/local/CrossPack-AVR-20131216/lib/gcc/avr/4.8.1/avr5/libgcc.a(_udivmodhi4.o)
 .bss           0x00800148        0x0 /usr/local/CrossPack-AVR-20131216/lib/gcc/avr/4.8.1/avr5/libgcc.a(_udivmodsi4.o)
 .bss           0x00800148        0x0 /usr/local/CrossPack-AVR-20131216/lib/gcc/avr/4.8.1/avr5/libgcc.a(_umulhisi3.o)
 .bss           0x00800148        0x0 /usr/local/CrossPack-AVR-20131216/lib/gcc/avr/4.8.1/../../../../avr/lib/avr5/libc.a(ftoa_engine.o)
 .bss           0x00800148        0x0 /usr/local/CrossPack-AVR-20131216/lib/gcc/avr/4.8.1/../../../../avr/lib/avr5/libc.a(strnlen_P.o)
 .bss           0x00800148        0x0 /usr/local/CrossPack-AVR-20131216/lib/gcc/avr/4.8.1/../../../../avr/lib/avr5/libc.a(strnlen.o)
 .bss           0x00800148        0x0 /usr/local/CrossPack-AVR-20131216/lib/gcc/avr/4.8.1/../../../../avr/lib/avr5/libc.a(fdevopen.o)
 .bss           0x00800148        0x0 /usr/local/CrossPack-AVR-20131216/lib/gcc/avr/4.8.1/../../../../avr/lib/avr5/libc.a(fputc.o)
 .bss           0x00800148        0x0 /usr/local/CrossPack-AVR-20131216/lib/gcc/avr/4.8.1/../../../../avr/lib/avr5/libc.a(iob.o)
 .bss           0x00800148        0x0 /usr/local/CrossPack-AVR-20131216/lib/gcc/avr/4.8.1/../../../../avr/lib/avr5/libc.a(vfprintf_p.o)
 .bss           0x00800148        0x0 /usr/local/CrossPack-AVR-20131216/lib/gcc/avr/4.8.1/../../../../avr/lib/avr5/libc.a(ultoa_invert.o)
 .bss           0x00800148        0x0 /usr/local/CrossPack-AVR-20131216/lib/gcc/avr/4.8.1/../../../../avr/lib/avr5/libc.a(eerd_byte_atmega328p.o)
 .bss           0x00800148        0x0 /usr/local/CrossPack-AVR-20131216/lib/gcc/avr/4.8.1/../../../../avr/lib/avr5/libc.a(eewr_byte_atmega328p.o)
 .bss           0x00800148        0x0 /usr/local/CrossPack-AVR-20131216/lib/gcc/avr/4.8.1/../../../../avr/lib/avr5/libc.a(calloc.o)
 .bss           0x00800148        0x0 /usr/local/CrossPack-AVR-20131216/lib/gcc/avr/4.8.1/../../../../avr/lib/avr5/libc.a(malloc.o)
 .bss           0x00800148        0x0 /usr/local/CrossPack-AVR-20131216/lib/gcc/avr/4.8.1/../../../../avr/lib/avr5/libc.a(memset.o)
 *(.bss*)
 .bss.frequency_counter
                0x00800148        0x2 ./pwm/pwm.o
                0x00800148                frequency_counter
 .bss.term_in   0x0080014a        0x1 ./pwm/pwm.o
 .bss.angle     0x0080014b        0x8 ./imu/imu.o
                0x0080014b                angle
 .bss.acc_compl_filter_const
                0x00800153        0x4 ./imu/imu.o
                0x00800153                acc_compl_filter_const
 .bss.disable_acc_gtest
                0x00800157        0x1 ./imu/imu.o
                0x00800157                disable_acc_gtest
 .bss.acc_mag   0x00800158        0x4 ./imu/imu.o
                0x00800158                acc_mag
 .bss.acc_lpf   0x0080015c        0xc ./imu/imu.o
                0x0080015c                acc_lpf
 .bss.acc_adc   0x00800168        0x6 ./imu/imu.o
                0x00800168                acc_adc
 .bss.gyro_adc  0x0080016e        0x6 ./imu/imu.o
                0x0080016e                gyro_adc
 .bss.gyro_scale
                0x00800174        0x4 ./imu/imu.o
                0x00800174                gyro_scale
 .bss.twi_error
                0x00800178        0x1 ./i2c/twi/twi.o
 .bss.twi_rxBufferIndex
                0x00800179        0x1 ./i2c/twi/twi.o
 .bss.twi_rxBuffer
                0x0080017a       0x20 ./i2c/twi/twi.o
 .bss.twi_txBufferLength
                0x0080019a        0x1 ./i2c/twi/twi.o
 .bss.twi_txBufferIndex
                0x0080019b        0x1 ./i2c/twi/twi.o
 .bss.twi_txBuffer
                0x0080019c       0x20 ./i2c/twi/twi.o
 .bss.twi_masterBufferLength
                0x008001bc        0x1 ./i2c/twi/twi.o
 .bss.twi_masterBufferIndex
                0x008001bd        0x1 ./i2c/twi/twi.o
 .bss.twi_masterBuffer
                0x008001be       0x20 ./i2c/twi/twi.o
 .bss.twi_onSlaveReceive
                0x008001de        0x2 ./i2c/twi/twi.o
 .bss.twi_onSlaveTransmit
                0x008001e0        0x2 ./i2c/twi/twi.o
 .bss.twi_inRepStart
                0x008001e2        0x1 ./i2c/twi/twi.o
 .bss.twi_sendStop
                0x008001e3        0x1 ./i2c/twi/twi.o
 .bss.twi_slarw
                0x008001e4        0x1 ./i2c/twi/twi.o
 .bss.twi_state
                0x008001e5        0x1 ./i2c/twi/twi.o
 .bss.transmitting
                0x008001e6        0x1 ./i2c/i2c.o
                0x008001e6                transmitting
 .bss.txBufferLength
                0x008001e7        0x1 ./i2c/i2c.o
                0x008001e7                txBufferLength
 .bss.txBufferIndex
                0x008001e8        0x1 ./i2c/i2c.o
                0x008001e8                txBufferIndex
 .bss.txAddress
                0x008001e9        0x1 ./i2c/i2c.o
                0x008001e9                txAddress
 .bss.rxBufferLength
                0x008001ea        0x1 ./i2c/i2c.o
                0x008001ea                rxBufferLength
 .bss.rxBufferIndex
                0x008001eb        0x1 ./i2c/i2c.o
                0x008001eb                rxBufferIndex
 .bss.log_state
                0x008001ec        0x1 ./gimbal/gimbal.o
 .bss.prev_state
                0x008001ed        0x1 ./gimbal/gimbal.o
 .bss.deltat    0x008001ee        0x4 ./gimbal/gimbal.o
                0x008001ee                deltat
 .bss.last_update
                0x008001f2        0x4 ./gimbal/gimbal.o
                0x008001f2                last_update
 .bss.now       0x008001f6        0x4 ./gimbal/gimbal.o
                0x008001f6                now
 .bss.yaw       0x008001fa        0x4 ./gimbal/gimbal.o
                0x008001fa                yaw
 .bss.pitch     0x008001fe        0x4 ./gimbal/gimbal.o
                0x008001fe                pitch
 .bss.roll      0x00800202        0x4 ./gimbal/gimbal.o
                0x00800202                roll
 .bss.mcount    0x00800206        0x2 ./gimbal/gimbal.o
                0x00800206                mcount
 .bss.delt_t    0x00800208        0x2 ./gimbal/gimbal.o
                0x00800208                delt_t
 .bss.count     0x0080020a        0x2 ./gimbal/gimbal.o
                0x0080020a                count
 .bss.m3        0x0080020c        0x2 ./gimbal/gimbal.o
                0x0080020c                m3
 .bss.m2        0x0080020e        0x2 ./gimbal/gimbal.o
                0x0080020e                m2
 .bss.m1        0x00800210        0x2 ./gimbal/gimbal.o
                0x00800210                m1
 .bss.g3        0x00800212        0x2 ./gimbal/gimbal.o
                0x00800212                g3
 .bss.g2        0x00800214        0x2 ./gimbal/gimbal.o
                0x00800214                g2
 .bss.g1        0x00800216        0x2 ./gimbal/gimbal.o
                0x00800216                g1
 .bss.a3        0x00800218        0x2 ./gimbal/gimbal.o
                0x00800218                a3
 .bss.a2        0x0080021a        0x2 ./gimbal/gimbal.o
                0x0080021a                a2
 .bss.a1        0x0080021c        0x2 ./gimbal/gimbal.o
                0x0080021c                a1
 .bss.fZg       0x0080021e        0x4 ./gimbal/gimbal.o
                0x0080021e                fZg
 .bss.fYg       0x00800222        0x4 ./gimbal/gimbal.o
                0x00800222                fYg
 .bss.fXg       0x00800226        0x4 ./gimbal/gimbal.o
                0x00800226                fXg
 .bss.f_log_timeout
                0x0080022a        0x4 ./gimbal/gimbal.o
 .bss.f_timeout
                0x0080022e        0x4 ./gimbal/gimbal.o
 .bss.future    0x00800232        0x4 ./gimbal/gimbal.o
 .bss.task_id   0x00800236        0x1 ./gimbal/gimbal.o
 .bss.u_bat_value_f
                0x00800237        0x4 ./gimbal/gimbal.o
                0x00800237                u_bat_value_f
 .bss.voltage_bat
                0x0080023b        0x4 ./gimbal/gimbal.o
                0x0080023b                voltage_bat
 .bss.roll_motor_drive
                0x0080023f        0x2 ./gimbal/gimbal.o
                0x0080023f                roll_motor_drive
 .bss.pitch_motor_drive
                0x00800241        0x2 ./gimbal/gimbal.o
                0x00800241                pitch_motor_drive
 .bss.roll_angle_set
                0x00800243        0x4 ./gimbal/gimbal.o
                0x00800243                roll_angle_set
 .bss.pitch_angle_set
                0x00800247        0x4 ./gimbal/gimbal.o
                0x00800247                pitch_angle_set
 .bss.roll_phi_set
                0x0080024b        0x4 ./gimbal/gimbal.o
                0x0080024b                roll_phi_set
 .bss.pitch_phi_set
                0x0080024f        0x4 ./gimbal/gimbal.o
                0x0080024f                pitch_phi_set
 .bss.roll_error_old
                0x00800253        0x4 ./gimbal/gimbal.o
                0x00800253                roll_error_old
 .bss.pitch_error_old
                0x00800257        0x4 ./gimbal/gimbal.o
                0x00800257                pitch_error_old
 .bss.roll_error_sum
                0x0080025b        0x4 ./gimbal/gimbal.o
                0x0080025b                roll_error_sum
 .bss.pitch_error_sum
                0x0080025f        0x4 ./gimbal/gimbal.o
                0x0080025f                pitch_error_sum
 .bss.fpv_mode_freeze_roll
                0x00800263        0x1 ./gimbal/gimbal.o
                0x00800263                fpv_mode_freeze_roll
 .bss.fpv_mode_freeze_pitch
                0x00800264        0x1 ./gimbal/gimbal.o
                0x00800264                fpv_mode_freeze_pitch
 .bss.fpv_mode_roll
                0x00800265        0x1 ./gimbal/gimbal.o
                0x00800265                fpv_mode_roll
 .bss.fpv_mode_pitch
                0x00800266        0x1 ./gimbal/gimbal.o
                0x00800266                fpv_mode_pitch
 .bss.max_pwm_motor_roll_scaled
                0x00800267        0x2 ./gimbal/gimbal.o
                0x00800267                max_pwm_motor_roll_scaled
 .bss.max_pwm_motor_pitch_scaled
                0x00800269        0x2 ./gimbal/gimbal.o
                0x00800269                max_pwm_motor_pitch_scaled
 .bss.motor_update
                0x0080026b        0x1 ./gimbal/gimbal.o
                0x0080026b                motor_update
 .bss.enable_motor_updates
                0x0080026c        0x1 ./gimbal/gimbal.o
                0x0080026c                enable_motor_updates
 .bss.term_in   0x0080026d        0x1 ./main.o
                0x0080026d                term_in
 *(COMMON)
 COMMON         0x0080026e        0x4 ./util/clock.o
                0x0080026e                clock_millis
 COMMON         0x00800272       0x43 ./util/config.o
                0x00800272                resolution_divider
                0x00800276                config
 COMMON         0x008002b5        0x4 ./util/log.o
                0x008002b5                debug_out_cb
                0x008002b7                debug_rx_cb
 COMMON         0x008002b9        0x0 ./pwm/pwm.o
 COMMON         0x008002b9        0x8 ./pwm/soft_pwm.o
                0x008002b9                compbuff
                0x008002bd                compare
 COMMON         0x008002c1        0xc ./imu/imu.o
                0x008002c1                est_g
 COMMON         0x008002cd       0x40 ./i2c/i2c.o
                0x008002cd                rxBuffer
                0x008002ed                txBuffer
 COMMON         0x0080030d       0x4e ./gimbal/gimbal.o
                0x0080030d                roll_pid_val
                0x00800311                gy
                0x00800315                az
                0x00800319                my
                0x0080031d                ax
                0x00800321                end_time
                0x00800325                start_time
                0x00800329                pitch_pid_par
                0x00800335                pitch_pid_val
                0x00800339                delay
                0x0080033b                gz
                0x0080033f                mz
                0x00800343                roll_pid_par
                0x0080034f                gx
                0x00800353                ay
                0x00800357                mx
 COMMON         0x0080035b      0x100 ./blc/blc.o
                0x0080035b                pwm_sinus_array
 COMMON         0x0080045b        0x6 /usr/local/CrossPack-AVR-20131216/lib/gcc/avr/4.8.1/../../../../avr/lib/avr5/libc.a(iob.o)
                0x0080045b                __iob
 COMMON         0x00800461        0x4 /usr/local/CrossPack-AVR-20131216/lib/gcc/avr/4.8.1/../../../../avr/lib/avr5/libc.a(malloc.o)
                0x00800461                __brkval
                0x00800463                __flp
                0x00800465                PROVIDE (__bss_end, .)
                0x0000704e                __data_load_start = LOADADDR (.data)
                0x00007096                __data_load_end = (__data_load_start + SIZEOF (.data))

.noinit         0x00800465        0x0
                0x00800465                PROVIDE (__noinit_start, .)
 *(.noinit*)
                0x00800465                PROVIDE (__noinit_end, .)
                0x00800465                _end = .
                0x00800465                PROVIDE (__heap_start, .)

.eeprom         0x00810000        0x0
 *(.eeprom*)
                0x00810000                __eeprom_end = .

.fuse
 *(.fuse)
 *(.lfuse)
 *(.hfuse)
 *(.efuse)

.lock
 *(.lock*)

.signature
 *(.signature*)

.user_signatures
 *(.user_signatures*)

.stab
 *(.stab)

.stabstr
 *(.stabstr)

.stab.excl
 *(.stab.excl)

.stab.exclstr
 *(.stab.exclstr)

.stab.index
 *(.stab.index)

.stab.indexstr
 *(.stab.indexstr)

.comment        0x00000000       0x11
 *(.comment)
 .comment       0x00000000       0x11 ./util/clock.o
                                 0x12 (size before relaxing)
 .comment       0x00000000       0x12 ./util/config.o
 .comment       0x00000000       0x12 ./util/log.o
 .comment       0x00000000       0x12 ./pwm/pwm.o
 .comment       0x00000000       0x12 ./pwm/soft_pwm.o
 .comment       0x00000000       0x12 ./math/fast_math.o
 .comment       0x00000000       0x12 ./imu/gyro.o
 .comment       0x00000000       0x12 ./imu/imu.o
 .comment       0x00000000       0x12 ./imu/mpu6050.o
 .comment       0x00000000       0x12 ./i2c/twi/twi.o
 .comment       0x00000000       0x12 ./i2c/i2c.o
 .comment       0x00000000       0x12 ./i2c/i2c_driver.o
 .comment       0x00000000       0x12 ./gimbal/gimbal.o
 .comment       0x00000000       0x12 ./eeprom/eeprom.o
 .comment       0x00000000       0x12 ./blc/blc.o
 .comment       0x00000000       0x12 ./adc/adc.o
 .comment       0x00000000       0x12 ./main.o
 .comment       0x00000000       0x12 /usr/local/CrossPack-AVR-20131216/lib/gcc/avr/4.8.1/../../../../avr/lib/avr5/libprintf_flt.a(vfprintf_flt.o)
 .comment       0x00000000       0x12 /usr/local/CrossPack-AVR-20131216/lib/gcc/avr/4.8.1/../../../../avr/lib/avr5/libc.a(fdevopen.o)
 .comment       0x00000000       0x12 /usr/local/CrossPack-AVR-20131216/lib/gcc/avr/4.8.1/../../../../avr/lib/avr5/libc.a(fputc.o)
 .comment       0x00000000       0x12 /usr/local/CrossPack-AVR-20131216/lib/gcc/avr/4.8.1/../../../../avr/lib/avr5/libc.a(iob.o)
 .comment       0x00000000       0x12 /usr/local/CrossPack-AVR-20131216/lib/gcc/avr/4.8.1/../../../../avr/lib/avr5/libc.a(vfprintf_p.o)
 .comment       0x00000000       0x12 /usr/local/CrossPack-AVR-20131216/lib/gcc/avr/4.8.1/../../../../avr/lib/avr5/libc.a(calloc.o)
 .comment       0x00000000       0x12 /usr/local/CrossPack-AVR-20131216/lib/gcc/avr/4.8.1/../../../../avr/lib/avr5/libc.a(malloc.o)

.debug
 *(.debug)

.line
 *(.line)

.debug_srcinfo
 *(.debug_srcinfo)

.debug_sfnames